0 ffffff93 ceil
0 ffffff94 floor
0 ffffff95 sqrt
0 ffffff96 atan2
0 ffffff97 cos
0 ffffff98 sin
0 ffffff99 strncpy
0 ffffff9a memcpy
0 ffffff9b memset
0 ffffffa2 trap_getCameraInfo
0 ffffffa4 trap_startCamera
0 ffffffa5 trap_loadCamera
0 ffffffae trap_S_StopLoopingSound
0 ffffffaf trap_S_AddRealLoopingSound
0 ffffffb0 trap_R_RemapShader
0 ffffffb1 trap_CIN_SetExtents
0 ffffffb2 trap_CIN_DrawCinematic
0 ffffffb3 trap_CIN_RunCinematic
0 ffffffb4 trap_CIN_StopCinematic
0 ffffffb5 trap_CIN_PlayCinematic
0 ffffffb8 trap_SnapVector
0 ffffffba trap_S_StopBackgroundTrack
0 ffffffbb trap_PC_SourceFileAndLine
0 ffffffbc trap_PC_ReadToken
0 ffffffbd trap_PC_FreeSource
0 ffffffbe trap_PC_LoadSource
0 ffffffc0 trap_Key_GetKey
0 ffffffc1 trap_Key_SetCatcher
0 ffffffc2 trap_Key_GetCatcher
0 ffffffc3 trap_Key_IsDown
0 ffffffc4 trap_R_RegisterFont
0 ffffffc5 trap_MemoryRemaining
0 ffffffc6 trap_R_RegisterShaderNoMip
0 ffffffc7 trap_SetUserCmdValue
0 ffffffc8 trap_GetUserCmd
0 ffffffc9 trap_GetCurrentCmdNumber
0 ffffffca trap_GetServerCommand
0 ffffffcb trap_GetSnapshot
0 ffffffcc trap_GetCurrentSnapshotNumber
0 ffffffcd trap_GetGameState
0 ffffffce trap_GetGlconfig
0 ffffffcf trap_R_LerpTag
0 ffffffd0 trap_R_ModelBounds
0 ffffffd1 trap_R_DrawStretchPic
0 ffffffd2 trap_R_SetColor
0 ffffffd3 trap_R_RenderScene
0 ffffffd4 trap_R_AddLightToScene
0 ffffffd5 trap_R_AddPolyToScene
0 ffffffd6 trap_R_AddRefEntityToScene
0 ffffffd7 trap_R_ClearScene
0 ffffffd8 trap_R_RegisterShader
0 ffffffd9 trap_R_RegisterSkin
0 ffffffda trap_R_RegisterModel
0 ffffffdb trap_R_LoadWorldMap
0 ffffffdc trap_S_StartBackgroundTrack
0 ffffffdd trap_S_RegisterSound
0 ffffffde trap_S_Respatialize
0 ffffffdf trap_S_UpdateEntityPosition
0 ffffffe0 trap_S_AddLoopingSound
0 ffffffe1 trap_S_ClearLoopingSounds
0 ffffffe2 trap_S_StartLocalSound
0 ffffffe3 trap_S_StartSound
0 ffffffe4 trap_CM_MarkFragments
0 ffffffe5 trap_CM_TransformedBoxTrace
0 ffffffe6 trap_CM_BoxTrace
0 ffffffe7 trap_CM_TransformedPointContents
0 ffffffe8 trap_CM_PointContents
0 ffffffe9 trap_CM_TempBoxModel
0 ffffffeb trap_CM_InlineModel
0 ffffffec trap_CM_NumInlineModels
0 ffffffed trap_CM_LoadMap
0 ffffffee trap_UpdateScreen
0 ffffffef trap_SendClientCommand
0 fffffff0 trap_AddCommand
0 fffffff1 trap_SendConsoleCommand
0 fffffff2 trap_FS_FCloseFile
0 fffffff3 trap_FS_Write
0 fffffff4 trap_FS_Read
0 fffffff5 trap_FS_FOpenFile
0 fffffff6 trap_Args
0 fffffff7 trap_Argv
0 fffffff8 trap_Argc
0 fffffff9 trap_Cvar_VariableStringBuffer
0 fffffffa trap_Cvar_Set
0 fffffffb trap_Cvar_Update
0 fffffffc trap_Cvar_Register
0 fffffffd trap_Milliseconds
0 fffffffe trap_Error
0 ffffffff trap_Print
0        0 vmMain
0       94 CG_RegisterCvars
0      155 CG_ForceModelChange
0      180 CG_UpdateCvars
0      271 CG_CrosshairPlayer
0      282 CG_LastAttacker
0      293 CG_Printf
0      2ac CG_Error
0      2c5 Com_Error
0      2de Com_Printf
0      2f7 Com_DPrintf
0      314 CG_Argv
0      339 CG_RegisterItemSounds^0
0      3d6 CG_RegisterSounds^0
0      951 CG_RegisterGraphics^0
0     106e CG_BuildSpectatorString
0     10c0 CG_RegisterClients^0
0     1107 CG_ConfigString
0     112c CG_StartMusic
0     1160 CG_GetMenuBuffer
0     11c4 CG_Asset_Parse
0     146f CG_ParseMenu
0     14da CG_Load_Menu
0     152e CG_LoadMenus
0     1620 CG_FeederCount^0
0     1689 CG_SetScoreSelection
0     1720 CG_InfoFromScoreIndex^0
0     177b Team_Parse^0
0     18ef Character_Parse^0
0     1af3 Alias_Parse^0
0     1bc3 CG_ParseTeamInfo^0
0     1c4e CG_FeederItemText^0
0     1e05 CG_FeederItemImage^0
0     1e53 CG_FeederSelection
0     1f45 CG_Cvar_Get^0
0     1f64 CG_Text_PaintWithCursor
0     1f85 CG_OwnerDrawWidth^0
0     2030 CG_PlayCinematic^0
0     204f CG_StopCinematic^0
0     2058 CG_DrawCinematic^0
0     2077 CG_RunCinematicFrame^0
0     2080 trap_Key_GetOverstrikeMode
0     2085 trap_Key_SetOverstrikeMode
0     2088 CG_LoadHudMenu
0     2132 CG_AssetCache
0     21df ResizeScreen
0     2277 CG_Init
0     256d CG_Shutdown
0     2570 CG_SetScoreCatcher
0     2602 CG_CLASSIC_KeyEvent
0     2622 CG_CLASSIC_MouseEvent
0     2696 swapfunc^1
0     271d med3^1
0     27b0 qsort
0     2b63 strlen
0     2b7e strcat
0     2bb8 strcpy
0     2be4 strcmp
0     2c20 strchr
0     2c50 strstr
0     2c9e tolower
0     2cb6 toupper
0     2cce memmove
0     2d21 tan
0     2d38 rand
0     2d4e atof
0     2e0f exp
0     2e33 atoi
0     2eab abs
0     2ec4 fabs
0     2edd BG_FindItemForRune
0     2f14 BG_PlayerClassFromModel
0     2fc3 BG_FindItemForPowerup
0     3013 BG_FindItemForWeapon
0     3040 BG_PlayerTouchesItem
0     309a BG_CanItemBeGrabbed
0     33d1 BG_EvaluateTrajectory
0     360b BG_EvaluateTrajectoryDelta
0     3763 BG_AddPredictableEventToPlayerstate
0     37a6 BG_TouchJumpPad
0     3859 BG_PlayerStateToEntityState
0     3a0e replace1
0     3a48 BG_StripColor
0     3aa1 hex2dec^2
0     3b27 DecodedString
0     3c13 Q_stristr
0     3c74 BG_CleanName
0     3d7f Q_stradd
0     3db2 Q_strlen
0     3dd1 AddInt^2
0     3eac AddFloat^2
0     3fc1 AddString^2
0     4053 ED_vsprintf
0     4243 BG_sprintf
0     4260 PM_AddEvent
0     4271 PM_AddTouchEnt
0     42ca PM_StartTorsoAnim^3
0     4314 PM_StartLegsAnim^3
0     4368 PM_ContinueLegsAnim^3
0     4388 PM_ContinueTorsoAnim^3
0     43a8 PM_ForceLegsAnim^3
0     43b8 PM_ClipVelocity
0     4429 PM_Friction^3
0     4596 PM_Accelerate^3
0     4610 PM_CmdScale^3
0     46b4 PM_SetMovementDir^3
0     47d3 PM_CheckJump^3
0     4884 PM_CheckWaterJump^3
0     4968 PM_WaterJumpMove^3
0     49a9 PM_WaterMove^3
0     4ae2 PM_InvulnerabilityMove^3
0     4b0c PM_FlyMove^3
0     4b97 PM_AirMove^3
0     4c54 PM_GrappleMove^3
0     4d02 PM_WalkMove^3
0     4f16 PM_DeadMove^3
0     4f8d PM_NoclipMove^3
0     50e5 PM_FootstepForSurface^3
0     50fe PM_CrashLand^3
0     51ff PM_CorrectAllSolid^3
0     52ee PM_GroundTraceMissed^3
0     5387 PM_GroundTrace^3
0     54fc PM_SetWaterLevel^3
0     55d1 PM_CheckDuck^3
0     572e PM_Footsteps^3
0     5881 PM_WaterEvents^3
0     58c4 PM_BeginWeaponChange^3
0     5937 PM_FinishWeaponChange^3
0     59a8 PM_TorsoAnimation^3
0     59c7 PM_Weapon^3
0     5dd3 PM_Animate^3
0     5df8 PM_DropTimers^3
0     5e82 PM_UpdateViewAngles
0     5f30 PM_LadderMove^3
0     605c CheckLadder^3
0     60cf PmoveVehicle
0     65d5 PmoveSingle
0     6cb6 Pmove
0     6d70 PM_CopyTargetToSource^4
0     6d89 PM_SetCoM
0     6f86 PM_ClearCarForces^4
0     702f PM_CalculateNetForce
0     72b0 PM_AccelerateAndMove^4
0     7443 PM_UpdateFrameVelocities^4
0     74d1 PM_InitializeFrame^4
0     7600 PM_InitializeWheel^4
0     77e7 PM_InitializeVehicle
0     7ccf PM_SetFluidDensity^4
0     7e2a PM_CheckSurfaceFlags^4
0     7ece PM_ApplyForce
0     7f61 PM_ApplyCollision^4
0     8212 PM_CarBodyFrictionForces^4
0     84b1 PM_Generate_SwayBar_Forces^4
0     85d0 PM_Generate_FrameWheel_Forces^4
0     888b PM_CalculateForces^4
0     9065 PM_AccelerateAndMoveBody^4
0     9409 PM_CalculateTargetBody^4
0     95c3 PM_Trace_Points^4
0     9a2f PM_DriveMove
0     9bde PM_WheelSpeedtoRPM^5
0     9c80 PM_UpdateRPM^5
0     9dc0 PM_AirFrictionForces^5
0     9f35 PM_GroundFrictionForces^5
0     a29c PM_TireFrictionForces^5
0     a2df PM_TireEngineForces^5
0     a3f2 PM_TireBrakingForces^5
0     a47c PM_AddRoadForces
0     a917 PM_SlideMove
0     ad03 PM_StepSlideMove
0     ae95 CG_GenerateTracemap
0     b835 BG_LoadTraceMap
0     bc1f BG_ClampPointToTracemapExtends^7
0     bc72 BG_GetSkyHeightAtPoint
0     bcaf BG_GetSkyGroundHeightAtPoint
0     bcec etpro_FinalizeTracemapClamp
0     bd17 CG_AddPolyToPool
0     be20 CG_AtmosphericKludge
0     be93 CG_SetParticleActive^8
0     beac CG_RainParticleGenerate^8
0     c01a CG_RainParticleCheckVisible^8
0     c0c5 CG_RainParticleRender^8
0     c419 CG_SnowParticleGenerate^8
0     c52d CG_SnowParticleCheckVisible^8
0     c5d2 CG_SnowParticleRender^8
0     c827 CG_EffectGust^8
0     c8ad CG_EffectGustCurrent^8
0     c9a9 CG_EP_ParseFloats^8
0     ca0e CG_EP_ParseInts^8
0     ca7a CG_EffectParse
0     cd66 CG_AddAtmosphericEffects
0     ce22 CG_TargetCommand_f^9
0     ce54 CG_SizeUp_f^9
0     ce6a CG_SizeDown_f^9
0     ce80 CG_Viewpos_f^9
0     ce98 CG_ScoresDown_f^9
0     ceca CG_ScoresUp_f^9
0     cee7 CG_LoadHud_f^9
0     cf17 CG_TellTarget_f^9
0     cf42 CG_TellAttacker_f^9
0     cf6d CG_StartOrbit_f^9
0     cfb5 CG_StartCamera
0     d03c CG_Camera_f^9
0     d04f CG_ConsoleCommand
0     d08d CG_InitConsoleCommands
0     d140 CG_Text_Width
0     d1e8 CG_Text_Height
0     d292 CG_Text_PaintChar
0     d2d0 CG_Text_Paint
0     d470 CG_DrawField^10
0     d5a6 CG_Draw3DModel
0     d61a CG_Draw3DModelColor
0     d705 CG_DrawHead
0     d7e7 CG_DrawFlagModel
0     d8f7 CG_DrawStatusBarHead^10
0     da4f CG_DrawStatusBarFlag^10
0     da68 CG_DrawTeamBackground
0     dac9 CG_DrawStatusBar^10
0     dd86 CG_DrawAttacker^10
0     de3c CG_DrawSpeedMeter^10
0     de93 CG_DrawSnapshot^10
0     decd CG_DrawFPS^10
0     df5a CG_DrawTimer^10
0     dfaa CG_DrawTeamOverlay^10
0     e2ba CG_DrawUpperRight^10
0     e32f CG_DrawScores^10
0     e81c CG_DrawPowerups^10
0     e97d CG_DrawLowerRight^10
0     e9b5 CG_DrawPickupItem^10
0     ea5c CG_DrawLowerLeft^10
0     ea8b CG_DrawTeamInfo^10
0     ebb5 CG_DrawReward^10
0     ecb3 CG_AddLagometerFrameInfo
0     ecd3 CG_AddLagometerSnapshotInfo
0     ed1a CG_DrawDisconnect^10
0     ed98 CG_DrawLagometer^10
0     efc3 CG_CenterPrint
0     f001 CG_DrawCenterString^10
0     f0bb CG_DrawCrosshair^10
0     f1f5 CG_ScanForCrosshairEntity^10
0     f25f CG_DrawCrosshairNames^10
0     f2bf CG_DrawSpectator^10
0     f314 CG_DrawVote^10
0     f36a CG_DrawTeamVote^10
0     f3fd CG_DrawScoreboard^10
0     f4d2 CG_DrawIntermission^10
0     f4ef CG_DrawFollow^10
0     f539 CG_DrawAmmoWarning^10
0     f568 CG_DrawWarmup^10
0     f6ca CG_DrawTimedMenus
0     f6eb CG_Draw2D^10
0     f7dd CG_DrawTourneyScoreboard^10
0     f7e3 CG_CalculatePing^10
0     f82a CG_WarmupEvents^10
0     f8b7 CG_WarmupEvent
0     f8e2 CG_ApplyClientChange^10
0     f8eb CG_TrackClientTeamChange
0     f99e CG_DrawActive
0     fac0 CG_Fade
0     fade CG_GetSelectedPlayer
0     faf0 CG_DrawPlayerArmorIcon^11
0     fb85 CG_DrawPlayerArmorValue^11
0     fc1a CG_DrawPlayerAmmoIcon^11
0     fcd0 CG_DrawPlayerAmmoValue^11
0     fd86 CG_DrawPlayerHead^11
0     fefd CG_DrawSelectedPlayerHealth^11
0     ff96 CG_DrawSelectedPlayerArmor^11
0    10036 CG_StatusHandle
0    10082 CG_DrawSelectedPlayerStatus^11
0    100ea CG_DrawPlayerStatus^11
0    1012a CG_DrawSelectedPlayerName^11
0    10179 CG_DrawSelectedPlayerLocation^11
0    101d9 CG_DrawPlayerLocation^11
0    10233 CG_DrawSelectedPlayerWeapon^11
0    102a1 CG_DrawPlayerScore^11
0    10325 CG_DrawPlayerItem^11
0    103ae CG_DrawSelectedPlayerPowerup^11
0    1042e CG_DrawSelectedPlayerHead^11
0    10534 CG_DrawPlayerStamina^11
0    105c6 CG_DrawPlayerAbility^11
0    10659 CG_DrawPlayerHealth^11
0    106e3 CG_DrawRedScore^11
0    10740 CG_DrawBlueScore^11
0    1079d CG_DrawRedName^11
0    107c6 CG_DrawBlueName^11
0    107ef CG_DrawBlueFlagName^11
0    10858 CG_DrawBlueFlagStatus^11
0    1091a CG_DrawBlueFlagHead^11
0    10988 CG_DrawRedFlagName^11
0    109f1 CG_DrawRedFlagStatus^11
0    10ab3 CG_DrawRedFlagHead^11
0    10b21 CG_HarvesterSkulls^11
0    10c02 CG_OneFlagStatus^11
0    10c80 CG_DrawCTFPowerUp^11
0    10cbf CG_DrawTeamColor^11
0    10cef CG_DrawAreaPowerUp^11
0    10ea3 CG_GetValue
0    10f88 CG_OtherTeamHasFlag
0    10fd8 CG_YourTeamHasFlag
0    11028 CG_OwnerDrawVisible
0    11170 CG_DrawPlayerHasFlag^11
0    11224 CG_DrawAreaSystemChat^11
0    1124c CG_DrawAreaTeamChat^11
0    11274 CG_DrawAreaChat^11
0    1129c CG_GetKillerText
0    112b6 CG_DrawKiller^11
0    11310 CG_DrawCapFragLimit^11
0    1134f CG_Draw1stPlace^11
0    11380 CG_Draw2ndPlace^11
0    113b1 CG_GetGameStatusText
0    11421 CG_DrawGameStatus^11
0    1144f CG_GameTypeString
0    11484 CG_DrawGameType^11
0    114b2 CG_Text_Paint_Limit^11
0    115fa CG_DrawNewTeamInfo
0    11860 CG_DrawTeamSpectators
0    11993 CG_DrawMedal
0    11ad4 CG_TeamIndexFromName^11
0    11b0f CG_SelectedHead
0    11b56 CG_HeadCountByTeam
0    11c7b CG_DrawClanName^11
0    11ca5 CG_DrawHandicap^11
0    11cf3 CG_ClanName_HandleKey^11
0    11d7d CG_DrawHandlePic
0    11dd7 CG_DrawEffects^11
0    11e17 CG_Effects_HandleKey^11
0    11e76 CG_Handicap_HandleKey^11
0    11ee3 CG_BuildPlayerList^11
0    12038 CG_SelectedPlayer_HandleKey^11
0    120bd CG_OwnerDrawHandleKey
0    1211e CG_OwnerDraw
0    124bd CG_MouseEvent
0    12572 CG_HideTeamMenu
0    1257f CG_EventHandling
0    125b9 CG_KeyEvent
0    12652 CG_Cvar_VariableString
0    12661 CG_Update
0    1269c CG_RunMenuScript
0    12701 CG_GetTeamColor
0    1276b CG_AdjustFrom640
0    127a8 CG_FillRect
0    127db CG_FillScreen
0    12803 CG_DrawSides
0    12856 CG_DrawTopBottom
0    128a9 CG_DrawRect
0    128db CG_DrawPic
0    12903 CG_SelectFont
0    12916 CG_FileExist^12
0    12945 CG_LoadFont^12
0    12d86 CG_LoadFonts
0    12d97 DrawStringLength^12
0    12e24 CG_DrawString
0    130cb CG_DrawStrlen
0    1310e CG_TileClearBox^12
0    1316b CG_TileClear
0    131f8 CG_FadeColor
0    1323a CG_FadeColorTime
0    1327f CG_GetColorForHealth
0    13314 CG_ColorForHealth
0    13329 UI_ProportionalStringWidth
0    1336c UI_DrawProportionalString2^12
0    13442 UI_ProportionalSizeScale
0    13451 UI_DrawProportionalString
0    135b6 CG_BlackBars
0    135e3 CG_BubbleTrail
0    1377c CG_SmokePuff
0    13915 CG_SpawnEffect
0    139ba CG_Lightning_Discharge
0    13a08 CG_LightningBoltBeam
0    13a4e CG_KamikazeEffect
0    13ae8 CG_ObeliskExplode
0    13b23 CG_ObeliskPain
0    13b56 CG_InvulnerabilityImpact
0    13c18 CG_InvulnerabilityJuiced
0    13cc0 CG_DamagePlum
0    13d86 CG_ScorePlum
0    13e46 CG_MakeExplosion
0    13f5c CG_Bleed
0    13fc4 CG_LaunchGib^13
0    14041 CG_GibPlayer
0    14308 CG_GibPlayerHeadshot
0    14370 CG_PositionEntityOnTag
0    14424 CG_PositionRotatedEntityOnTag
0    144da CG_SetEntitySoundPosition
0    14533 CG_EntityEffects^14
0    145d2 CG_General^14
0    14635 CG_Speaker^14
0    1468f CG_Item^14
0    14afa CG_Missile^14
0    14ca4 CG_Grapple^14
0    14d1b CG_Mover^14
0    14d93 CG_Beam
0    14dc3 CG_PersonalPortal^14
0    14f86 CG_Portal^14
0    14ff3 CG_AdjustPositionForMover
0    150dd CG_InterpolateEntityPosition^14
0    151a1 CG_CalcEntityLerpPositions^14
0    15238 CG_TeamBase^14
0    1529e CG_LaserSight^14
0    152e2 CG_AddCEntity^14
0    153bc CG_AddPacketEntities
0    154ca CG_PlaceString
0    15578 CG_Obituary^15
0    158d4 CG_UseItem^15
0    15968 CG_ItemPickup^15
0    159d9 CG_WaterLevel
0    15a7d CG_PainEvent
0    15b3a CG_EntityEvent
0    16743 CG_CheckEvents
0    167c7 CG_DrawLoadingIcons^16
0    1683a CG_LoadingString
0    16879 CG_LoadingItem
0    168b6 CG_LoadingClient
0    169af CG_DrawInformation
0    16c82 CG_InitLocalEntities
0    16cb6 CG_FreeLocalEntity
0    16ce6 CG_AllocLocalEntity
0    16d28 CG_BloodTrail
0    16d95 CG_FragmentBounceMark
0    16e26 CG_FragmentBounceSound
0    16e7a CG_ReflectVelocity
0    16f64 CG_AddFragment^17
0    17067 CG_AddFadeRGB^17
0    1717f CG_AddMoveScaleFade^17
0    1726d CG_EmitPolyVerts^17
0    1748a CG_AddScaleFade^17
0    17529 CG_AddFallScaleFade^17
0    175dd CG_AddExplosion^17
0    17656 CG_AddSpriteExplosion^17
0    17722 CG_AddKamikaze
0    17bac CG_AddInvulnerabilityImpact
0    17bb7 CG_AddInvulnerabilityJuiced
0    17c14 CG_AddRefEntity^17
0    17c2f CG_AddScorePlum
0    17e55 ChooseDamageColor
0    17f1a CG_AddDamagePlum
0    180dd CG_AddLocalEntities
0    1818d CG_InitMarkPolys
0    181c1 CG_FreeMarkPoly
0    181f1 CG_AllocMark
0    1824c CG_ImpactMark
0    18533 CG_AddMarks
0    18737 CG_ClearParticles
0    187d2 CG_AddParticleToScene
0    19f08 CG_AddParticles
0    1a100 CG_ParticleExplosion
0    1a20a CG_CustomSound
0    1a27e CG_ParseAnimationFile^19
0    1a73b CG_FileExists^19
0    1a761 CG_FindClientModelFile^19
0    1a8e7 CG_FindClientHeadFile^19
0    1aa87 CG_RegisterClientSkin^19
0    1ab6f CG_RegisterClientModelname
0    1ae2d CG_IsKnownModel^19
0    1af65 CG_ColorFromChar^19
0    1afc3 CG_SetColorInfo^19
0    1b07d CG_GetTeamColors^19
0    1b0bd CG_LoadClientInfo^19
0    1b296 CG_CopyClientInfoModel^19
0    1b353 CG_ScanForExistingClientInfo^19
0    1b3ee CG_SetDeferredClientInfo^19
0    1b4f9 CG_SetSkinAndModel^19
0    1b8e7 CG_NewClientInfo
0    1bbd9 CG_LoadDeferredPlayers
0    1bc1c CG_SetLerpFrameAnimation^19
0    1bc72 CG_RunLerpFrame
0    1be28 CG_ClearLerpFrame^19
0    1be61 CG_PlayerAnimation
0    1bf44 CG_SwingAngles^19
0    1c045 CG_AddPainTwitch^19
0    1c08c CG_PlayerAngles^19
0    1c278 CG_PlayerPowerups^19
0    1c286 CG_PlayerFloatSprite^19
0    1c2d2 CG_PlayerSprites^19
0    1c3a7 CG_PlayerShadow^19
0    1c435 CG_PlayerSplash^19
0    1c523 CG_AddRefEntityWithPowerups
0    1c660 CG_PlayerStats
0    1c7c3 CG_Player
0    1d05f CG_ResetPlayerEntity
0    1d141 CG_CheckAmmo
0    1d1c0 CG_DamageFeedback
0    1d337 CG_Respawn
0    1d354 CG_CheckPlayerstateEvents^20
0    1d450 pushReward^20
0    1d47d CG_CheckLocalSounds
0    1d7f0 CG_TransitionPlayerState
0    1d8aa CG_PB_FindFreePolyBuffer
0    1d955 CG_PB_ClearPolyBuffers
0    1d961 CG_PB_RenderPolyBuffers
0    1d985 CG_BuildSolidList
0    1da11 CG_ClipMoveToEntities^22
0    1db1e CG_Trace
0    1db5e CG_PointContents
0    1dbd6 CG_InterpolatePlayerState^22
0    1dcfe CG_StoreEvent
0    1dd41 CG_PlayDroppedEvents
0    1ddd6 CG_AddArmor^22
0    1ddf2 CG_AddAmmo^22
0    1de3d CG_AddWeapon^22
0    1de80 CG_CheckArmor^22
0    1deb6 CG_AddFallDamage
0    1df15 CG_PickupPrediction^22
0    1e079 CG_TouchItem^22
0    1e20e CG_TouchTriggerPrediction^22
0    1e2f5 CG_CheckTimers^22
0    1e3b8 CG_IsUnacceptableError^22
0    1e9c8 CG_PredictPlayerState
0    1edcf CG_Sparks
0    1ef38 hud_runes
0    1f159 CG_DrawRunesboard
0    1f21b CG_DrawClientScore^25
0    1f588 CG_ScoreboardClick
0    1f608 CG_TeamScoreboard^25
0    1f696 CG_DrawOldScoreboard
0    1f9fb CG_DrawOldTourneyScoreboard
0    1fb6a CG_ParseScores^26
0    1fd83 CG_ParseTeamInfo^26
0    1fe5a CG_ParseServerinfo
0    1ff4d CG_ParseSysteminfo
0    1ffbe CG_ParseWarmup^26
0    20048 CG_SetConfigValues
0    200d7 CG_ShaderStateChanged
0    20183 CG_ConfigStringModified^26
0    20384 CG_AddToTeamChat^26
0    204e7 CG_MapRestart^26
0    20534 CG_RemoveChatEscapeChar^26
0    20576 CG_ServerCommand^26
0    207ba CG_ExecuteNewServerCommands
0    207e5 CG_ResetEntity
0    20825 CG_TransitionEntity^27
0    20852 CG_SetInitialSnapshot
0    208ca CG_TransitionSnapshot^27
0    20a24 CG_SetNextSnap^27
0    20b2f CG_ReadNextSnapshot^27
0    20b9d CG_ProcessSnapshots
0    20c89 CG_ItemTimer
0    20e37 CG_TestModel_f
0    20ec4 CG_TestGun_f
0    20ed0 CG_TestModelNextFrame_f
0    20ee6 CG_TestModelPrevFrame_f
0    20f03 CG_TestModelNextSkin_f
0    20f19 CG_TestModelPrevSkin_f
0    20f36 CG_AddTestModel^29
0    20fbb CG_CalcVrect^29
0    2104e CG_OffsetThirdPersonView^29
0    21205 CG_StepOffset^29
0    21227 CG_OffsetFirstPersonView^29
0    21470 CG_ZoomDown_f
0    21494 CG_ZoomUp_f
0    214a1 CG_CalcFov^29
0    21609 CG_DamageBlendBlob^29
0    216ed CG_CalcViewValues^29
0    21877 CG_PowerupTimerSounds^29
0    218c2 CG_AddBufferedSound
0    21902 CG_PlayBufferedSounds^29
0    21944 CG_TrailParticleRender^29
0    21c28 CG_AddTrailEffects^29
0    21cf8 CG_RecordPosition
0    21dff CG_FirstFrame^29
0    21e54 CG_DrawActiveFrame
0    22003 CG_SetupFrustum
0    22149 CG_CullPoint
0    22192 CG_MachineGunEjectBrass^30
0    22385 CG_ShotgunEjectBrass^30
0    225a6 CG_RailTrail
0    2292e CG_RocketTrail^30
0    22a15 CG_PlasmaTrail^30
0    22cd1 CG_GrappleTrail
0    22d66 CG_GrenadeTrail^30
0    22d72 CG_RegisterWeapon
0    23323 CG_RegisterItemVisuals
0    234b1 CG_MapTorsoToWeaponFrame^30
0    2351b CG_CalculateWeaponPosition^30
0    235fe CG_LightningBolt^30
0    237d9 CG_SpawnRailTrail^30
0    23825 CG_MachinegunSpinAngle^30
0    238b7 CG_AddWeaponWithPowerups^30
0    23959 CG_AddPlayerWeapon
0    23e30 CG_CenterGun
0    23e6c CG_AddViewWeapon
0    241b6 CG_DrawWeaponSelect
0    24409 CG_WeaponSelectable
0    2445a CG_NextWeapon_f
0    244c5 CG_PrevWeapon_f
0    24530 CG_Weapon_f
0    245d6 CG_OutOfAmmoChange
0    24612 CG_FireWeapon
0    246e5 CG_MissileHitWall
0    249dc CG_MissileHitPlayer
0    24a0c CG_ShotgunPellet^30
0    24ae3 CG_ShotgunPattern^30
0    24b94 CG_ShotgunFire
0    24c4f CG_Tracer
0    24e5a CG_CalcMuzzlePoint^30
0    24f40 CG_Bullet
0    25005 CG_OldRailTrail
0    25562 RateWeapon
0    25583 contains
0    255b3 UpdateWeaponOrder
0    256f9 NextWeapon
0    25735 PrevWeapon
0    2577e hud_weapons
0    258bc Q_rand
0    258d1 Q_random
0    258e3 Q_crandom
0    258f4 VectorCompare
0    25922 VectorLength
0    25953 VectorLengthSquared
0    2597d Distance
0    259b4 DistanceSquared
0    259f8 VectorNormalizeFast
0    25a51 VectorInverse
0    25a75 CrossProduct
0    25ace ByteToDir
0    25aec RotatePointAroundVector
0    25bfd RotateAroundDirection
0    25c39 vectoangles
0    25ce7 AnglesToAxis
0    25d1c AxisClear
0    25d57 AxisCopy
0    25d79 ProjectPointOnPlane
0    25e30 VectorRotate
0    25ead Q_rsqrt
0    25ee8 Q_fabs
0    25ef8 LerpAngle
0    25f2d AngleSubtract
0    25f52 AnglesSubtract
0    25fa0 AngleMod
0    25fb6 AngleNormalize360
0    25fc4 AngleNormalize180
0    25fe3 AngleDelta
0    25ff3 VectorNormalize
0    2605d VectorNormalize2
0    260d9 VectorNAN
0    260ff MatrixMultiply
0    26268 MatrixTranspose
0    262c9 MatrixAdd
0    26362 AnglesToOrientation
0    26450 OrientationToVectors
0    264b5 OrthonormalizeOrientation
0    26542 AngleVectors
0    26634 PerpendicularVector
0    26696 Com_Clamp
0    266b4 COM_StripExtension
0    266ff COM_BeginParseSession
0    26714 COM_Parse
0    26723 SkipWhitespace^34
0    26762 COM_Compress
0    268b2 COM_ParseExt
0    26a13 SkipRestOfLine
0    26a4d Q_strrchr
0    26a81 Q_strncpyz
0    26ac4 Q_stricmp
0    26b45 Q_strlwr
0    26b6b Q_strupr
0    26b91 Q_strcat
0    26bbd Q_CleanStr
0    26c1e Com_sprintf
0    26c4d va
0    26c7c Q_strkey^34
0    26cbb Info_ValueForKey
0    26dab WheelAngle
0    26de1 UI_Alloc
0    26e27 UI_InitMemory
0    26e30 hashForString^36
0    26e74 String_Alloc
0    26f4c String_Init
0    26f8b PC_SourceError
0    26fbb LerpColor
0    27028 Float_Parse
0    27054 PC_Float_Parse
0    270a9 Color_Parse
0    270de PC_Color_Parse
0    27113 Int_Parse
0    2713f PC_Int_Parse
0    27197 Rect_Parse
0    271de PC_Rect_Parse
0    27225 String_Parse
0    27251 PC_String_Parse
0    27272 PC_Script_Parse
0    27302 Init_Display
0    27309 GradientBar_Paint
0    2734a Window_Init
0    27386 Fade
0    273f7 Window_Paint
0    2771c Item_SetScreenCoords
0    2777c Item_UpdatePosition
0    277ca Menu_UpdatePosition
0    27825 Menu_PostParse
0    27855 Menu_ClearFocus
0    278db IsVisible
0    278f9 Rect_ContainsPoint
0    2793d Menu_ItemsMatchingGroup
0    279a8 Menu_GetMatchingItemByNumber
0    27a28 Script_SetColor
0    27aca Script_SetAsset
0    27ae1 Script_SetBackground
0    27b01 Menu_FindItemByName
0    27b53 Script_SetTeamColor
0    27b88 Script_SetItemColor
0    27c5f Menu_ShowItemByName
0    27cdd Menu_FadeItemByName
0    27d5d Menus_FindByName
0    27d92 Menus_OpenByName
0    27d9b Menu_RunCloseScript^36
0    27dc5 Menus_CloseByName
0    27deb Menus_CloseAll
0    27e18 Script_Show
0    27e36 Script_Hide
0    27e54 Script_FadeIn
0    27e72 Script_FadeOut
0    27e90 Script_Open
0    27ea6 Script_ConditionalOpen
0    27ef5 Script_Close
0    27f0b Menu_TransitionItemByName
0    27ff2 Script_Transition
0    28056 Menu_OrbitItemByName
0    280df Script_Orbit
0    2814f Script_SetFocus
0    281d2 Script_SetPlayerModel
0    281ee Script_SetPlayerHead
0    2820a Script_SetCvar
0    28234 Script_Exec
0    28259 Script_Play
0    28282 Script_playLooped
0    282aa Item_RunScript
0    28345 Item_EnableShowViaCvar
0    2841e Item_SetFocus
0    2857a Item_ListBox_MaxScroll
0    285d8 Item_ListBox_ThumbPosition
0    28663 Item_ListBox_ThumbDrawPosition
0    28722 Item_Slider_ThumbPosition
0    287b5 Item_Slider_OverSlider
0    287ea Item_ListBox_OverLB
0    289a9 Item_ListBox_MouseEnter
0    28ad9 Item_MouseEnter
0    28bd2 Item_MouseLeave
0    28c1a Item_SetMouseOver
0    28c43 Item_OwnerDraw_HandleKey
0    28c78 Item_ListBox_HandleKey
0    2913a Item_YesNo_HandleKey
0    291bb Item_Multi_CountSettings
0    291d3 Item_Multi_FindCvarByValue
0    29258 Item_Multi_Setting
0    292e9 Item_Multi_HandleKey
0    293d7 Item_TextField_HandleKey
0    29722 Scroll_ListBox_AutoFunc^36
0    2977f Scroll_ListBox_ThumbFunc^36
0    29904 Scroll_Slider_ThumbFunc^36
0    2999d Item_StartCapture
0    29a88 Item_StopCapture
0    29a8b Item_Slider_HandleKey
0    29b83 Item_HandleKey
0    29c52 Item_Action
0    29c69 Menu_SetPrevCursorItem
0    29d2c Menu_SetNextCursorItem
0    29deb Window_CloseCinematic^36
0    29e13 Menu_CloseCinematics^36
0    29e6b Display_CloseCinematics^36
0    29e88 Menus_Activate
0    29ed9 Display_VisibleMenuCount
0    29f03 Menus_HandleOOBClick
0    29fc9 Item_CorrectedTextRect^36
0    29ff1 Menu_HandleKey
0    2a2c5 ToWindowCoords
0    2a311 Item_SetTextExtents
0    2a47b Item_TextColor
0    2a5a8 Item_Text_AutoWrapped_Paint
0    2a73d Item_Text_Wrapped_Paint
0    2a83a Item_Text_Paint
0    2a8d5 Item_TextField_Paint
0    2aa34 Item_YesNo_Paint
0    2ab3e Item_Multi_Paint
0    2ac1c Controls_GetKeyAssignment^36
0    2ac7e Controls_GetConfig
0    2acb0 Controls_SetConfig
0    2ad0e BindingIDFromName
0    2ad3f BindingFromName
0    2adc2 Item_Slider_Paint
0    2aec5 Item_Bind_Paint
0    2aff9 Item_Bind_HandleKey
0    2b1af AdjustFrom640
0    2b1f2 Item_Model_Paint
0    2b33e Item_ListBox_Paint
0    2b84c Item_OwnerDraw_Paint
0    2baee Item_Paint
0    2bf0c Menu_Init
0    2bf47 Menu_GetFocused
0    2bf7b Menu_SetFeederSelection
0    2c020 Menus_AnyFullScreenVisible
0    2c04d Menus_ActivateByName
0    2c0c8 Item_Init
0    2c0e5 Menu_HandleMouseMove
0    2c24c Menu_Paint
0    2c336 Item_ValidateTypeData
0    2c3f3 KeywordHash_Key
0    2c457 KeywordHash_Add
0    2c481 KeywordHash_Find
0    2c4c0 ItemParse_name
0    2c4d9 ItemParse_focusSound
0    2c503 ItemParse_text
0    2c51c ItemParse_group
0    2c535 ItemParse_asset_model
0    2c579 ItemParse_asset_shader
0    2c59f ItemParse_model_origin
0    2c5e5 ItemParse_model_fovx
0    2c60b ItemParse_model_fovy
0    2c631 ItemParse_model_rotation
0    2c657 ItemParse_model_angle
0    2c67b ItemParse_rect
0    2c694 ItemParse_style
0    2c6ad ItemParse_decoration
0    2c6c0 ItemParse_notselectable
0    2c6e7 ItemParse_wrapped
0    2c6fa ItemParse_autowrapped
0    2c70d ItemParse_horizontalscroll
0    2c720 ItemParse_type
0    2c73f ItemParse_elementwidth
0    2c765 ItemParse_elementheight
0    2c78b ItemParse_feeder
0    2c7a4 ItemParse_elementtype
0    2c7d9 ItemParse_columns
0    2c884 ItemParse_border
0    2c89d ItemParse_bordersize
0    2c8b6 ItemParse_visible
0    2c8de ItemParse_ownerdraw
0    2c8fd ItemParse_align
0    2c916 ItemParse_textalign
0    2c92f ItemParse_textalignx
0    2c948 ItemParse_textaligny
0    2c961 ItemParse_textscale
0    2c97a ItemParse_textstyle
0    2c993 ItemParse_backcolor
0    2c9ca ItemParse_forecolor
0    2ca0f ItemParse_bordercolor
0    2ca46 ItemParse_outlinecolor
0    2ca5f ItemParse_background
0    2ca85 ItemParse_cinematic
0    2ca9e ItemParse_doubleClick
0    2cad3 ItemParse_onFocus
0    2caec ItemParse_leaveFocus
0    2cb05 ItemParse_mouseEnter
0    2cb1e ItemParse_mouseExit
0    2cb37 ItemParse_mouseEnterText
0    2cb50 ItemParse_mouseExitText
0    2cb69 ItemParse_action
0    2cb82 ItemParse_special
0    2cb9b ItemParse_cvarTest
0    2cbb4 ItemParse_cvar
0    2cbf5 ItemParse_maxChars
0    2cc2e ItemParse_maxPaintChars
0    2cc67 ItemParse_cvarFloat
0    2ccce ItemParse_cvarStrList
0    2cd9b ItemParse_cvarFloatList
0    2ce5e ItemParse_addColorRange
0    2cebf ItemParse_ownerdrawFlag
0    2cee4 ItemParse_enableCvar
0    2cf03 ItemParse_disableCvar
0    2cf22 ItemParse_showCvar
0    2cf41 ItemParse_hideCvar
0    2cf60 Item_SetupKeywordHash
0    2cf8c Item_Parse
0    2d013 Item_InitControls
0    2d04e MenuParse_font
0    2d090 MenuParse_name
0    2d0bd MenuParse_fullscreen
0    2d0da MenuParse_rect
0    2d0f5 MenuParse_style
0    2d112 MenuParse_visible
0    2d13e MenuParse_onOpen
0    2d15b MenuParse_onClose
0    2d178 MenuParse_onESC
0    2d195 MenuParse_border
0    2d1b2 MenuParse_borderSize
0    2d1cf MenuParse_backcolor
0    2d206 MenuParse_forecolor
0    2d24b MenuParse_bordercolor
0    2d282 MenuParse_focuscolor
0    2d2b9 MenuParse_disablecolor
0    2d2f0 MenuParse_outlinecolor
0    2d30d MenuParse_background
0    2d337 MenuParse_cinematic
0    2d354 MenuParse_ownerdrawFlag
0    2d37d MenuParse_ownerdraw
0    2d39a MenuParse_popup
0    2d3b1 MenuParse_outOfBounds
0    2d3c8 MenuParse_soundLoop
0    2d3e5 MenuParse_fadeClamp
0    2d402 MenuParse_fadeAmount
0    2d41f MenuParse_fadeCycle
0    2d43c MenuParse_itemDef
0    2d4c1 Menu_SetupKeywordHash
0    2d4ed Menu_Parse
0    2d57d Menu_New
0    2d5b1 Menu_Count
0    2d5b7 Menu_PaintAll
0    2d610 Menu_Reset
0    2d616 Display_CaptureItem
0    2d653 Display_MouseMove
0    2d6d3 Display_CursorType
0    2d727 Display_HandleKey
0    2d769 Menu_OverActiveItem^36
1        4 forceModelModificationCount^0
1        8 enemyModelModificationCount^0
1        c enemyColorsModificationCount^0
1       10 teamModelModificationCount^0
1       14 teamColorsModificationCount^0
1       18 atmosphereModificationCount^0
1       1c weaponsOrderModificationCount^0
1       20 gametypeModificationCount^0
1       24 hudFilesModificationCount^0
1       28 rmodeModificationCount^0
1       2c raspectModificationCount^0
1       30 rheightModificationCount^0
1       34 rwidthModificationCount^0
1       38 rfullscreenModificationCount^0
1       3c splitXModificationCount^0
1       40 splitYModificationCount^0
1       44 intShaderTime
1       48 linearLight
1       70 cvarTable^0
1      aac randSeed^1
1      ab0 exptable
1     1ab0 bg_itemlist
1     3f9c bg_numItems
1     3ffc eventnames
1     4264 pm_stopspeed
1     4268 pm_duckScale
1     426c pm_swimScale
1     4270 pm_ladderScale
1     4274 pm_ladderfriction
1     4278 pm_ladderAccelerate
1     427c pm_accelerate
1     4280 pm_airaccelerate
1     4284 pm_wateraccelerate
1     4288 pm_flyaccelerate
1     428c pm_friction
1     4290 pm_waterfriction
1     4294 pm_flightfriction
1     4298 pm_spectatorfriction
1     429c c_pmove
1     42a0 pm_respawntimer^3
1     42dc CP_SPRING_STRENGTH
1     42e0 CP_M_2_QU
1     42e4 CP_TORQUE_SLOPE^5
1     42e8 CP_GEAR_RATIOS^5
1     4334 commands^9
1     43f4 menuScoreboard
1     43f8 menuEditPlayer
1     448c updateModel
1     4490 drawTeamOverlayModificationCount
1     4520 handicapValues^11
1     4574 uitogamecode^11
1     46ac font^12
1     46b0 metrics^12
1     46b4 propMap^12
1     5038 shaderAnimNames^18
1     50b8 shaderAnimCounts^18
1     5138 shaderAnimSTRatio^18
1     51b8 cl_numparticles
1     51bc initparticles
1     51c0 roll^18
1     51c4 cg_customSoundNames^19
1     529c player_stop
1     52a0 black_bars
1     5384 vec3_origin
1     5390 axisDefault
1     53b4 colorBlack
1     53c4 colorWhite
1     53d4 g_color_table
1     5454 bytedirs
1     5bf4 captureFunc^36
1     5bf8 captureData^36
1     5bfc itemCapture^36
1     5c00 DC
1     5c04 g_waitingForKey^36
1     5c08 g_editingField^36
1     5c0c g_bindItem^36
1     5c10 g_editItem^36
1     5c14 menuCount
1     5c18 openMenuCount
1     5c1c debugMode^36
1     5c20 lastListBoxClickTime^36
1     5c24 strPoolIndex^36
1     5c28 strHandleCount^36
1     5c30 commandList
1     5cd8 scriptCommandCount
1     5d9c g_bindings^36
1     6354 g_bindCount^36
1     6390 itemParseKeywords
1     6684 menuParseKeywords
2     7da1 locase
2   b9e748 _stackStart
2   bae748 _stackEnd
3     9800 trap_GetValue
3     9804 cgDC
3    1b6d0 trap_R_SwitchWorld
3    1b6d4 trap_R_AddPolyBufferToScene
3    1b6d8 trap_R_AddLinearLightToScene
3    1b6dc trap_R_AddRefEntityToScene2
3    1b6e0 cg_contrails
3    1b7f0 cg_playerScale
3    1b900 cg_splitY
3    1ba10 cg_splitX
3    1bb20 cg_worlds
3    1bc30 cgwp_flameCycle
3    1bd40 cg_altGrapple
3    1be50 cgwp_grapplePull
3    1bf60 cgwp_grappleEnable
3    1c070 cg_gunCenter
3    1c180 cg_weaponOrder
3    1c290 cgwp_chainCycle
3    1c3a0 cgwp_proxCycle
3    1c4b0 cgwp_nailCycle
3    1c5c0 cgwp_grappleCycle
3    1c6d0 cgwp_bfgCycle
3    1c7e0 cgwp_railCycle
3    1c8f0 cgwp_plasmaCycle
3    1ca00 cgwp_rocketCycle
3    1cb10 cgwp_grenadeCycle
3    1cc20 cgwp_machineCycle
3    1cd30 cgwp_shotgunCycle
3    1ce40 cgwp_lightCycle
3    1cf50 cgwp_gauntCycle
3    1d060 cg_atmosphericEffects
3    1d170 cg_atmosphere
3    1d280 cg_wallWalk
3    1d390 cg_gravity
3    1d4a0 cg_jumpVelocity
3    1d5b0 cg_hasteFactor
3    1d6c0 cg_scoutFactor
3    1d7d0 cg_ability
3    1d8e0 cg_stamina
3    1d9f0 cg_staminaBar
3    1db00 cg_healthBar
3    1dc10 cg_damagePlum
3    1dd20 cg_reverseControls
3    1de30 cg_upsideDown
3    1df40 cg_sideview
3    1e050 cg_birdsEye
3    1e160 cg_birdsEyeAngle
3    1e270 cg_birdsEyeRange
3    1e380 cg_itemTimer
3    1e490 cg_developer
3    1e5a0 cg_altPortal
3    1e6b0 cgwp_portalEnable
3    1e7c0 cg_fullscreen
3    1e8d0 cg_width
3    1e9e0 cg_height
3    1eaf0 cg_aspect
3    1ec00 cg_mode
3    1ed10 cg_gametype
3    1ee20 cg_followKiller
3    1ef30 cg_fovAdjust
3    1f040 cg_deadBodyDarken
3    1f150 cg_teamColors
3    1f260 cg_teamModel
3    1f370 cg_enemyColors
3    1f480 cg_enemyModel
3    1f590 cg_hitSounds
3    1f6a0 cg_trueLightning
3    1f7b0 cg_oldPlasma
3    1f8c0 cg_oldRocket
3    1f9d0 cg_oldRail
3    1fae0 cg_bigFont
3    1fbf0 cg_smallFont
3    1fd00 cg_noProjectileTrail
3    1fe10 cg_noTaunt
3    1ff20 cg_cameraMode
3    20030 cg_smoothClients
3    20140 cg_scorePlum
3    20250 cg_timescale
3    20360 cg_timescaleFadeSpeed
3    20470 cg_timescaleFadeEnd
3    20580 cg_cameraOrbitDelay
3    20690 cg_cameraOrbit
3    207a0 cg_hudFiles
3    208b0 cg_obeliskRespawnDelay
3    209c0 cg_recordSPDemoName
3    20ad0 cg_recordSPDemo
3    20be0 cg_singlePlayerActive
3    20cf0 cg_enableBreath
3    20e00 cg_enableDust
3    20f10 cg_singlePlayer
3    21020 cg_currentSelectedPlayerName
3    21130 cg_currentSelectedPlayer
3    21240 cg_blueTeamName
3    21350 cg_redTeamName
3    21460 cg_blood
3    21570 cg_paused
3    21680 cg_buildScript
3    21790 cg_teamChatsOnly
3    218a0 cg_drawFriend
3    219b0 cg_stats
3    21ac0 cg_teamOverlayUserinfo
3    21bd0 cg_drawTeamOverlay
3    21ce0 cg_deferPlayers
3    21df0 cg_predictItems
3    21f00 cg_forceModel
3    22010 cg_teamChatHeight
3    22120 cg_teamChatTime
3    22230 cg_thirdPerson
3    22340 cg_thirdPersonAngle
3    22450 cg_thirdPersonRange
3    22560 cg_tracerLength
3    22670 cg_tracerWidth
3    22780 cg_tracerChance
3    22890 cg_footsteps
3    229a0 cg_showmiss
3    22ab0 cg_noPlayerAnims
3    22bc0 cg_nopredict
3    22cd0 cg_errorDecay
3    22de0 cg_debugEvents
3    22ef0 cg_debugPosition
3    23000 cg_debugAnim
3    23110 cg_animSpeed
3    23220 cg_swingSpeed
3    23330 cg_bobroll
3    23440 cg_bobpitch
3    23550 cg_bobup
3    23660 cg_runroll
3    23770 cg_runpitch
3    23880 cg_centertime
3    23990 cg_gun_z
3    23aa0 cg_gun_y
3    23bb0 cg_gun_x
3    23cc0 cg_gun_frame
3    23dd0 cg_railTrailRadius
3    23ee0 cg_railTrailTime
3    23ff0 cg_lagometer
3    24100 cg_addMarks
3    24210 cg_simpleItems
3    24320 cg_brassTime
3    24430 cg_crosshairY
3    24540 cg_crosshairX
3    24650 cg_crosshairHealth
3    24760 cg_crosshairSize
3    24870 cg_drawWeaponSelect
3    24980 cg_drawRewards
3    24a90 cg_drawCrosshairNames
3    24ba0 cg_drawCrosshair
3    24cb0 cg_drawSpeed
3    24dc0 cg_drawAttacker
3    24ed0 cg_drawAmmoWarning
3    24fe0 cg_drawIcons
3    250f0 cg_draw3dIcons
3    25200 cg_drawSnapshot
3    25310 cg_drawFPS
3    25420 cg_drawTimer
3    25530 cg_drawStatus
3    25640 cg_draw2D
3    25750 cg_gibs
3    25860 cg_shadows
3    25970 cg_viewsize
3    25a80 cg_fov
3    25b90 cg_zoomFov
3    25ca0 cg_drawGun
3    25db0 cg_autoswitch
3    25ec0 cg_ignore
3    25fd0 cg_items
3    28fd0 cg_weapons
3    2a290 cg_entities
3    e6290 cg
3   195c8c cgs
3   1c0998 pml
3   1c0a2c pm
3   1c0a30 numTraces^4
3   1c0a34 CP_CURRENT_GRAVITY
3   1c0a38 one_over_mapgrid_factor^7
3   1c0a40 tracemap^7
3   280a5c cg_atmFx^8
3   2c3180 kludgeResult^8
3   2c3184 kludgeChecked^8
3   2c31a0 lagometer
3   2c37a8 teamChat2
3   2c38a8 teamChat1
3   2c39a8 systemChat
3   2c3aa8 numSortedTeamPlayers
3   2c3aac sortedTeamPlayers
3   2c3f4c numbers^12
3   2c6b70 bigchars^12
3   2c97ec loadingItemIcons^16
3   2c9854 loadingPlayerIcons^16
3   2c9894 loadingItemIconCount^16
3   2c9898 loadingPlayerIconCount^16
3   2c989c cg_freeLocalEntities
3   2c98a0 cg_activeLocalEntities
3   2c99c4 cg_localEntities
3   35b9c4 oldtime
3   35b9c8 rup
3   35b9d4 rright
3   35b9e0 rforward
3   35b9ec pvup
3   35b9f8 pvright
3   35ba04 pvforward
3   35ba10 particles
3   37aa10 free_particles
3   37aa14 active_particles
3   37aa18 numShaderAnims^18
3   37aa1c shaderAnims^18
3   37ca1c markTotal^18
3   37ca20 cg_freeMarkPolys
3   37ca24 cg_activeMarkPolys
3   37cb44 cg_markPolys
3   38eb4c cg_polyBuffersInuse
3   38ed4c cg_polyBuffers
3   a0f34c eventParm2
3   a0f38c eventParms
3   a0f3cc events
3   a0f40c eventStack
3   a0f410 cg_triggerEntities^22
3   a0f810 cg_numTriggerEntities^22
3   a0f814 cg_solidEntities^22
3   a0fc14 cg_numSolidEntities^22
3   a0fc18 cg_pmove^22
3   a0ff08 localClient^25
3   a0ff98 frustum^29
3   a0ffd8 trailPos^29
3   a1bfd8 trailHead^29
3   a1c0d8 trailLength^29
3   a1c1d8 trailTime^29
3   a1c2d8 weaponRawOrder
3   a1c318 weaponOrder
3   a2fd88 com_tokenline^34
3   a2fd8c com_lines^34
3   a2fd90 com_parsename^34
3   a30190 com_token^34
3   a315a0 menuParseKeywordHash
3   a31da0 itemParseKeywordHash
3   a325a0 g_nameBind2
3   a325c0 g_nameBind1
3   a325e0 strHandle^36
3   a345e0 strPool^36
3   a945e0 outOfMemory
3   a945e4 allocPoint
3   a945e8 memoryPool^36
3   b945e8 menuStack
3   b94628 Menus
3   b9e728 scrollInfo^36
