0 fffffdbf trap_AAS_PredictRoute
0 fffffdc1 trap_BotAddAvoidSpot
0 fffffdc2 trap_BotSetAvoidGoalTime
0 fffffdc3 trap_BotPredictVisiblePosition
0 fffffdc4 trap_BotRemoveFromAvoidGoals
0 fffffdc5 trap_BotGetChatMessage
0 fffffdc6 trap_BotNumInitialChats
0 fffffdc8 trap_BotGetNextCampSpotGoal
0 fffffdc9 trap_BotMutateGoalFuzzyLogic
0 fffffdca trap_BotInterbreedGoalFuzzyLogic
0 fffffdcb trap_GeneticParentsAndChildSelection
0 fffffdcc trap_BotResetWeaponState
0 fffffdcd trap_BotFreeWeaponState
0 fffffdce trap_BotAllocWeaponState
0 fffffdcf trap_BotLoadWeaponWeights
0 fffffdd0 trap_BotGetWeaponInfo
0 fffffdd1 trap_BotChooseBestFightWeapon
0 fffffdd2 trap_BotInitMoveState
0 fffffdd3 trap_BotFreeMoveState
0 fffffdd4 trap_BotAllocMoveState
0 fffffdd5 trap_BotMovementViewTarget
0 fffffdd7 trap_BotResetLastAvoidReach
0 fffffdd8 trap_BotResetAvoidReach
0 fffffdd9 trap_BotMoveInDirection
0 fffffdda trap_BotMoveToGoal
0 fffffddb trap_BotResetMoveState
0 fffffddc trap_BotFreeGoalState
0 fffffddd trap_BotAllocGoalState
0 fffffdde trap_BotSaveGoalFuzzyLogic
0 fffffde0 trap_BotLoadItemWeights
0 fffffde1 trap_BotUpdateEntityItems
0 fffffde4 trap_BotGetLevelItemGoal
0 fffffde5 trap_BotItemGoalInVisButNotVisible
0 fffffde6 trap_BotTouchingGoal
0 fffffde7 trap_BotChooseNBGItem
0 fffffde8 trap_BotChooseLTGItem
0 fffffde9 trap_BotGetSecondGoal
0 fffffdea trap_BotGetTopGoal
0 fffffdeb trap_BotGoalName
0 fffffdec trap_BotDumpGoalStack
0 fffffded trap_BotDumpAvoidGoals
0 fffffdee trap_BotEmptyGoalStack
0 fffffdef trap_BotPopGoal
0 fffffdf0 trap_BotPushGoal
0 fffffdf1 trap_BotResetAvoidGoals
0 fffffdf2 trap_BotResetGoalState
0 fffffdf3 trap_BotSetChatName
0 fffffdf4 trap_BotSetChatGender
0 fffffdf5 trap_BotLoadChatFile
0 fffffdf6 trap_BotReplaceSynonyms
0 fffffdf7 trap_UnifyWhiteSpaces
0 fffffdf8 trap_BotMatchVariable
0 fffffdf9 trap_BotFindMatch
0 fffffdfb trap_BotEnterChat
0 fffffdfd trap_BotReplyChat
0 fffffdfe trap_BotInitialChat
0 fffffdff trap_BotNumConsoleMessages
0 fffffe00 trap_BotNextConsoleMessage
0 fffffe01 trap_BotRemoveConsoleMessage
0 fffffe02 trap_BotQueueConsoleMessage
0 fffffe03 trap_BotFreeChatState
0 fffffe04 trap_BotAllocChatState
0 fffffe05 trap_Characteristic_String
0 fffffe08 trap_Characteristic_BFloat
0 fffffe0a trap_BotFreeCharacter
0 fffffe0b trap_BotLoadCharacter
0 fffffe58 trap_EA_ResetInput
0 fffffe59 trap_EA_GetInput
0 fffffe5b trap_EA_View
0 fffffe5f trap_EA_SelectWeapon
0 fffffe66 trap_EA_Crouch
0 fffffe67 trap_EA_Respawn
0 fffffe68 trap_EA_Use
0 fffffe69 trap_EA_Attack
0 fffffe6a trap_EA_Talk
0 fffffe6b trap_EA_Gesture
0 fffffe6c trap_EA_Action
0 fffffe6d trap_EA_Command
0 fffffe6e trap_EA_SayTeam
0 fffffec1 trap_AAS_PredictClientMovement
0 fffffec2 trap_AAS_Swimming
0 fffffec3 trap_AAS_AreaTravelTimeToGoalArea
0 fffffec4 trap_AAS_AreaReachability
0 fffffec5 trap_AAS_IntForBSPEpairKey
0 fffffec6 trap_AAS_FloatForBSPEpairKey
0 fffffec7 trap_AAS_VectorForBSPEpairKey
0 fffffec8 trap_AAS_ValueForBSPEpairKey
0 fffffec9 trap_AAS_NextBSPEntity
0 fffffeca trap_AAS_PointContents
0 fffffecb trap_AAS_TraceAreas
0 fffffecc trap_AAS_PointAreaNum
0 fffffecd trap_AAS_Time
0 fffffece trap_AAS_PresenceTypeBoundingBox
0 fffffecf trap_AAS_Initialized
0 fffffed0 trap_AAS_EntityInfo
0 fffffed1 trap_AAS_AreaInfo
0 fffffed2 trap_AAS_BBoxAreas
0 fffffed3 trap_AAS_EnableRoutingArea
0 ffffff2c trap_BotUserCommand
0 ffffff2d trap_BotGetServerCommand
0 ffffff2e trap_BotGetSnapshotEntity
0 ffffff30 trap_BotLibUpdateEntity
0 ffffff31 trap_BotLibLoadMap
0 ffffff32 trap_BotLibStartFrame
0 ffffff35 trap_BotLibVarSet
0 ffffff36 trap_BotLibShutdown
0 ffffff37 trap_BotLibSetup
0 ffffff90 ceil
0 ffffff91 floor
0 ffffff95 sqrt
0 ffffff96 atan2
0 ffffff97 cos
0 ffffff98 sin
0 ffffff99 strncpy
0 ffffff9a memcpy
0 ffffff9b memset
0 ffffffd5 trap_SnapVector
0 ffffffd9 trap_FS_GetFileList
0 ffffffda trap_GetEntityToken
0 ffffffdb trap_GetUsercmd
0 ffffffdd trap_BotAllocateClient
0 ffffffde trap_EntityContact
0 ffffffdf trap_EntitiesInBox
0 ffffffe0 trap_UnlinkEntity
0 ffffffe1 trap_LinkEntity
0 ffffffe3 trap_AdjustAreaPortalState
0 ffffffe5 trap_InPVS
0 ffffffe6 trap_PointContents
0 ffffffe7 trap_Trace
0 ffffffe8 trap_SetBrushModel
0 ffffffe9 trap_GetServerinfo
0 ffffffea trap_SetUserinfo
0 ffffffeb trap_GetUserinfo
0 ffffffec trap_GetConfigstring
0 ffffffed trap_SetConfigstring
0 ffffffee trap_SendServerCommand
0 ffffffef trap_DropClient
0 fffffff0 trap_LocateGameData
0 fffffff1 trap_SendConsoleCommand
0 fffffff2 trap_FS_FCloseFile
0 fffffff3 trap_FS_Write
0 fffffff4 trap_FS_Read
0 fffffff5 trap_FS_FOpenFile
0 fffffff6 trap_Argv
0 fffffff7 trap_Argc
0 fffffff8 trap_Cvar_VariableStringBuffer
0 fffffff9 trap_Cvar_VariableIntegerValue
0 fffffffa trap_Cvar_Set
0 fffffffb trap_Cvar_Update
0 fffffffc trap_Cvar_Register
0 fffffffd trap_Milliseconds
0 fffffffe trap_Error
0 ffffffff trap_Print
0        0 vmMain
0       96 G_Printf
0       b7 G_BroadcastServerCommand
0       ee G_Error
0      107 G_FindTeams
0      1fc G_RemapTeamShaders
0      1ff G_RegisterCvars
0      2be UpdateGameType
0      515 G_UpdateCvars^0
0      5c7 G_LocateSpawnSpots^0
0      848 G_InitGame^0
0      a0f G_ShutdownGame^0
0      a41 Com_Error
0      a5a Com_Printf
0      a73 AddTournamentPlayer
0      aed RemoveTournamentLoser
0      b14 AdjustTournamentScores
0      b69 SortRanks^0
0      c24 CalculateRanks
0      f39 SendScoreboardMessageToAllClients^0
0      f62 MoveClientToIntermission
0     1005 FindIntermissionPoint
0     1074 BeginIntermission
0     10cc ExitLevel
0     1179 G_LogPrintf
0     11f1 LogExit
0     1283 CheckIntermissionExit
0     1357 ScoreIsTied^0
0     13a4 CheckExitRules^0
0     149a ClearBodyQue^0
0     14cd G_WarmupEnd^0
0     1701 CheckTournament^0
0     1826 CheckVote^0
0     188b PrintTeam^0
0     18cc SetLeader
0     198c CheckTeamLeader
0     1a5e CheckTeamVote^0
0     1b13 CheckCvars
0     1b40 G_RunThink
0     1b79 InitHoards^0
0     1c3e G_RunFrame^0
0     1e03 BotNumActivePlayers^1
0     1e58 BotIsFirstInRankings
0     1ebb BotIsLastInRankings
0     1f1e BotFirstClientInRankings
0     1f8e BotLastClientInRankings
0     1ffe BotRandomOpponentName
0     20c5 BotMapTitle^1
0     20ca BotWeaponNameForMeansOfDeath
0     2111 BotRandomWeaponName
0     2158 BotVisibleEnemies
0     21e5 BotValidChatPosition
0     22ad BotChat_EnterGame
0     2367 BotChat_ExitGame
0     2412 BotChat_StartLevel
0     24b2 BotChat_EndLevel
0     25f5 BotChat_Death
0     286e BotChat_Kill
0     29c2 BotChat_EnemySuicide
0     2a7f BotChat_HitTalking
0     2b6f BotChat_HitNoDeath
0     2c7c BotChat_HitNoKill
0     2d5d BotChat_Random
0     2ee4 BotChatTime
0     2ee9 BotChatTest
0     3711 BotGetItemTeamGoal
0     3758 BotGetMessageTeamGoal
0     3795 BotGetTime
0     3814 FindClientByName
0     3875 FindEnemyByName
0     38fa NumPlayersOnSameTeam
0     393e BotGetPatrolWaypoints
0     3a6c BotAddressedToBot
0     3b8d BotMatch_HelpAccompany
0     3dca BotMatch_DefendKeyArea
0     3e84 BotMatch_GetItem
0     3f20 BotMatch_Camp
0     40e1 BotMatch_Patrol
0     4185 BotMatch_GetFlag
0     4218 BotMatch_RushBase
0     4297 BotMatch_TaskPreference
0     4358 BotMatch_ReturnFlag
0     43cf BotMatch_JoinSubteam
0     443c BotMatch_LeaveSubteam
0     44a7 BotMatch_WhichTeam
0     4501 BotMatch_CheckPoint
0     465b BotMatch_FormationSpace
0     46bd BotMatch_Dismiss
0     4725 BotMatch_Suicide
0     4768 BotMatch_StartTeamLeaderShip
0     47bf BotMatch_StopTeamLeaderShip
0     4830 BotMatch_WhoIsTeamLeader
0     4864 BotMatch_WhatAreYouDoing
0     4983 BotMatch_WhatIsMyCommand
0     49ae BotNearestVisibleItem
0     4a46 BotMatch_WhereAreYou
0     4b74 BotMatch_LeadTheWay
0     4cd2 BotMatch_Kill
0     4d73 BotMatch_CTF
0     4e4c BotMatch_EnterGame
0     4e71 BotMatch_NewLeader
0     4eaa BotMatchMessage
0     500e BotResetNodeSwitches
0     5014 BotDumpNodeSwitches
0     5057 BotRecordNodeSwitch
0     508e BotGetAirGoal
0     514b BotGoForAir
0     51c8 BotNearbyGoal
0     5234 BotReachedGoal
0     5335 BotGetItemLongTermGoal
0     53cc BotGetLongTermGoal
0     61b7 BotLongTermGoal
0     641b AIEnter_Intermission
0     6457 AINode_Intermission
0     649a AIEnter_Observer
0     64ba AINode_Observer
0     64d2 AIEnter_Stand
0     64f5 AINode_Stand
0     6592 AIEnter_Respawn
0     6616 AINode_Respawn
0     6695 BotSelectActivateWeapon
0     6736 BotClearPath
0     6972 AIEnter_Seek_ActivateEntity
0     6988 AINode_Seek_ActivateEntity
0     6da6 AIEnter_Seek_NBG
0     6de9 AINode_Seek_NBG
0     7063 AIEnter_Seek_LTG
0     70a6 AINode_Seek_LTG
0     73f1 AIEnter_Battle_Fight
0     7422 AIEnter_Battle_SuicidalFight
0     7453 AINode_Battle_Fight
0     7738 AIEnter_Battle_Chase
0     7759 AINode_Battle_Chase
0     7a03 AIEnter_Battle_Retreat
0     7a19 AINode_Battle_Retreat
0     7d17 AIEnter_Battle_NBG
0     7d2d AINode_Battle_NBG
0     7fb0 BotSetUserInfo^4
0     7fe3 BotCTFCarryingFlag
0     8006 BotTeam
0     805e BotOppositeTeam
0     8080 BotEnemyFlag
0     8094 BotTeamFlag
0     80a8 EntityIsDead
0     80d2 EntityCarriesFlag
0     80f1 EntityIsInvisible
0     8112 EntityIsShooting
0     8124 EntityIsChatting
0     8136 BotRememberLastOrderedTask
0     8173 BotSetTeamStatus
0     8176 BotSetLastOrderedTask
0     826a BotRefuseOrder
0     829c BotCTFSeekGoals
0     87de BotCTFRetreatGoals
0     8828 BotTeamGoals
0     884b BotPointAreaNum
0     888e ClientName
0     88d9 ClientFromName
0     891e ClientOnSameTeamFromName
0     8977 stristr
0     89dc EasyClientName
0     8b40 BotSynonymContext
0     8b66 BotChooseWeapon
0     8bcd BotSetupForMovement
0     8c83 BotCheckItemPickup
0     8c86 BotUpdateInventory
0     8f29 BotUpdateBattleInventory
0     8f6f BotBattleUseItems
0     8faf BotSetTeleportTime
0     8fd6 BotIsDead
0     8feb BotIsObserver
0     9021 BotIntermission
0     9049 BotInLavaOrSlime
0     9063 BotCreateWayPoint
0     90c1 BotFindWayPoint
0     90f0 BotFreeWaypoints
0     9113 BotInitWaypoints
0     9137 TeamPlayIsOn
0     9149 BotAggression
0     9224 BotWantsToRetreat
0     927a BotWantsToChase
0     92c9 BotCanAndWantsToRocketJump
0     9334 BotHasPersistantPowerupAndWeapon
0     93ea BotGoCamp
0     9464 BotWantsToCamp
0     9596 BotDontAvoid
0     95d2 BotGoForPowerups
0     9607 BotRoamGoal
0     978d BotAttackMove
0     9a75 BotSameTeam
0     9aa7 InFieldOfVision
0     9b36 BotEntityVisible
0     9d7d BotFindEnemy
0     9ffc BotTeamFlagCarrierVisible
0     a071 BotEnemyFlagCarrierVisible
0     a0e6 BotAimAtEnemy
0     a892 BotCheckAttack
0     ab12 BotMapScripts
0     acc3 BotSetMovedir
0     acf9 BotModelMinsMaxs
0     ade9 BotFuncButtonActivateGoal
0     b2f2 BotFuncDoorActivateGoal
0     b3b2 BotTriggerMultipleActivateGoal
0     b4e7 BotPopFromActivateGoalStack
0     b524 BotPushOntoActivateGoalStack
0     b5b4 BotClearActivateGoalStack
0     b5ca BotEnableActivateGoalAreas
0     b622 BotIsGoingToActivateEntity
0     b698 BotGetActivateGoal
0     bb18 BotGoForActivateGoal
0     bb6f BotRandomMove
0     bba9 BotAIBlocked
0     bd44 BotAIPredictObstacles
0     be34 BotCheckConsoleMessages
0     c029 BotCheckForGrenades
0     c052 BotCheckEvents
0     c271 BotCheckSnapshot
0     c2e0 BotCheckAir
0     c302 BotAlternateRoute
0     c365 BotGetAlternateRouteGoal
0     c404 BotSetupAlternativeRouteGoals
0     c410 BotDeathmatchAI
0     c603 BotSetupDeathmatchAI
0     c6ed BotAI_Print
0     c747 BotAI_Trace
0     c7c0 BotAI_GetClientState
0     c7f1 BotAI_GetEntityState
0     c860 BotAI_GetSnapshotEntity
0     c891 BotAI_BotInitialChat
0     c913 BotTestAAS
0     c98a BotSetInfoConfigString
0     caf7 BotUpdateInfoConfigStrings
0     cb50 BotInterbreedBots
0     cc2d BotWriteInterbreeded
0     cca1 BotInterbreedEndMatch
0     ccdc BotInterbreeding
0     cd7c BotEntityInfo
0     cd88 NumBots
0     cd8e BotTeamLeader
0     cdc4 AngleDifference
0     cdf4 BotChangeViewAngle
0     ce68 BotChangeViewAngles
0     d06f BotInputToUserCommand
0     d377 BotUpdateInput
0     d42e BotAIRegularUpdate
0     d43f RemoveColorEscapeSequences
0     d4ae BotAI
0     d6eb BotScheduleBotThink
0     d730 BotWriteSessionData
0     d7c0 BotReadSessionData
0     d83d BotAISetupClient
0     da86 BotAIShutdownClient
0     db25 BotResetState
0     dc42 BotAILoadMap
0     dcaa BotAIStartFrame
0     e042 BotInitLibrary
0     e1d1 BotAISetup
0     e27b BotAIShutdown
0     e2c6 BotValidTeamLeader
0     e2ed BotNumTeamMates
0     e354 BotClientTravelTimeToGoal
0     e385 BotSortTeamMatesByBaseTravelTime
0     e487 BotSetTeamMateTaskPreference
0     e4ad BotGetTeamMateTaskPreference
0     e4e8 BotSortTeamMatesByTaskPreference
0     e5d6 BotSayTeamOrderAlways
0     e629 BotSayTeamOrder
0     e635 BotCTFOrders_BothFlagsNotAtBase
0     e880 BotCTFOrders_FlagNotAtBase
0     eb50 BotCTFOrders_EnemyFlagNotAtBase
0     ed57 BotCTFOrders_BothFlagsAtBase
0     f022 BotCTFOrders
0     f086 BotCreateGroup
0     f0f4 BotTeamOrders
0     f1d0 FindHumanTeamLeader
0     f238 BotTeamAI
0     f42f BotVoiceChat_Defend
0     f4b3 swapfunc^8
0     f53a med3^8
0     f5cd qsort
0     f980 strlen
0     f99b strcat
0     f9d5 strcpy
0     fa01 strcmp
0     fa3d strchr
0     fa6d strstr
0     fabb tolower
0     fad3 toupper
0     faeb memmove
0     fb3e srand
0     fb45 rand
0     fb5b atof
0     fc1c exp
0     fc40 atoi
0     fcb8 abs
0     fcd1 fabs
0     fcea BG_FindItemForRune
0     fd21 BG_PlayerClassFromModel
0     fdd0 BG_FindPriorityShaderForInventory
0     fe46 BG_FindItemForHealth
0     fe7d BG_FindItemForAmmo
0     feb4 BG_FindItemForPowerup
0     ff04 BG_FindItemForWeapon
0     ff31 BG_FindItem
0     ff60 BG_PlayerTouchesItem
0     ffba BG_CanItemBeGrabbed
0    102f5 BG_EvaluateTrajectory
0    1052f BG_EvaluateTrajectoryDelta
0    10687 BG_AddPredictableEventToPlayerstate
0    106be BG_TouchJumpPad
0    10771 BG_PlayerStateToEntityState
0    10926 Q_stristr
0    10987 BG_CleanName
0    10a92 Q_strcpy
0    10ac2 Q_stradd
0    10af5 Q_strlen
0    10b14 AddInt^9
0    10bef AddFloat^9
0    10d04 AddString^9
0    10d96 ED_vsprintf
0    10f86 BG_sprintf
0    10fa3 _atoi^9
0    11013 _atof^9
0    110cb _atos^9
0    11151 Q_sscanf
0    11290 PM_AddEvent
0    112a1 PM_AddTouchEnt
0    112fa PM_StartTorsoAnim^10
0    11344 PM_StartLegsAnim^10
0    11398 PM_ContinueLegsAnim^10
0    113b8 PM_ContinueTorsoAnim^10
0    113d8 PM_ForceLegsAnim^10
0    113e8 PM_ClipVelocity
0    11459 PM_Friction^10
0    115c6 PM_Accelerate^10
0    11640 PM_CmdScale^10
0    116e4 PM_SetMovementDir^10
0    11803 PM_CheckJump^10
0    118b4 PM_CheckWaterJump^10
0    11998 PM_WaterJumpMove^10
0    119d9 PM_WaterMove^10
0    11b12 PM_InvulnerabilityMove^10
0    11b3c PM_FlyMove^10
0    11bc7 PM_AirMove^10
0    11c84 PM_GrappleMove^10
0    11d32 PM_WalkMove^10
0    11f46 PM_DeadMove^10
0    11fbd PM_NoclipMove^10
0    12115 PM_FootstepForSurface^10
0    1212e PM_CrashLand^10
0    1222f PM_CorrectAllSolid^10
0    1231e PM_GroundTraceMissed^10
0    123b7 PM_GroundTrace^10
0    1252c PM_SetWaterLevel^10
0    12601 PM_CheckDuck^10
0    1275e PM_Footsteps^10
0    128b1 PM_WaterEvents^10
0    128f4 PM_BeginWeaponChange^10
0    12967 PM_FinishWeaponChange^10
0    129d8 PM_TorsoAnimation^10
0    129f7 PM_Weapon^10
0    12e03 PM_Animate^10
0    12e28 PM_DropTimers^10
0    12eb2 PM_UpdateViewAngles
0    12f60 PM_LadderMove^10
0    1308c CheckLadder^10
0    130ff PmoveVehicle
0    13605 PmoveSingle
0    13ce6 Pmove
0    13da0 PM_CopyTargetToSource^11
0    13db9 PM_SetCoM
0    13fb6 PM_ClearCarForces^11
0    1405f PM_CalculateNetForce
0    142e0 PM_AccelerateAndMove^11
0    14473 PM_UpdateFrameVelocities^11
0    14501 PM_InitializeFrame^11
0    14630 PM_InitializeWheel^11
0    14817 PM_InitializeVehicle
0    14cff PM_SetFluidDensity^11
0    14e5a PM_CheckSurfaceFlags^11
0    14efe PM_ApplyForce
0    14f91 PM_ApplyCollision^11
0    15242 PM_CarBodyFrictionForces^11
0    15432 PM_Generate_SwayBar_Forces^11
0    15551 PM_Generate_FrameWheel_Forces^11
0    1580c PM_CalculateForces^11
0    15fe6 PM_AccelerateAndMoveBody^11
0    1638a PM_CalculateTargetBody^11
0    16544 PM_Trace_Points^11
0    169b0 PM_DriveMove
0    16b5f PM_WheelSpeedtoRPM^12
0    16c01 PM_UpdateRPM^12
0    16d41 PM_AirFrictionForces^12
0    16eb6 PM_GroundFrictionForces^12
0    1721d PM_TireFrictionForces^12
0    17260 PM_TireEngineForces^12
0    17373 PM_TireBrakingForces^12
0    173fd PM_AddRoadForces
0    17898 PM_SlideMove
0    17c84 PM_StepSlideMove
0    17e16 P_DamageFeedback
0    17ed1 P_WorldEffects
0    1802d G_Use
0    182a1 G_SetClientSound
0    182cd ClientImpacts
0    18369 G_ListPortals
0    18604 G_TouchTriggers
0    187bf SpectatorThink
0    188d6 ClientInactivityTimer
0    1896d ClientTimerActions
0    18cc8 ClientIntermissionThink
0    18d96 ClientEvents
0    18eb9 StuckInOtherClient^14
0    18f4c SendPendingPredictableEvents
0    18fef ClientThink_real
0    198a6 ClientThink
0    19925 G_RunClient
0    1994b SpectatorClientEndFrame
0    19a23 ClientEndFrame
0    19d63 UpdateTournamentInfo
0    19ead SpawnModelOnVictoryPad^15
0    1a07a CelebrateStop^15
0    1a0a1 CelebrateStart^15
0    1a0d1 PodiumPlacementThink^15
0    1a354 SpawnPodium^15
0    1a42c SpawnModelsOnVictoryPads
0    1a4ce Svcmd_AbortPodium_f
0    1a4e8 trap_Cvar_VariableValue
0    1a4fe G_ParseInfos
0    1a5f4 G_LoadArenasFromFile^16
0    1a674 G_LoadArenas^16
0    1a719 G_GetArenaInfoByMap
0    1a758 PlayerIntroSound^16
0    1a7a9 G_AddRandomBot
0    1a92c G_RemoveRandomBot
0    1a995 G_CountHumanPlayers^16
0    1a9e5 G_CountBotPlayers^16
0    1aa5f G_CheckMinimumPlayers
0    1ab9c G_CheckBotSpawn
0    1abfa AddBotToSpawnQueue^16
0    1ac3d G_RemoveQueuedBotBegin
0    1ac65 G_BotConnect
0    1acc7 G_AddBot
0    1af0e Svcmd_AddBot_f
0    1afb5 Svcmd_BotList_f
0    1b071 G_SpawnBots^16
0    1b11d G_LoadBotsFromFile^16
0    1b19d G_LoadBots^16
0    1b229 G_GetBotInfoByName
0    1b26c G_InitBots
0    1b33d SP_info_player_deathmatch
0    1b376 SP_info_player_start
0    1b385 SP_info_player_intermission
0    1b388 SpotWouldTelefrag
0    1b405 SelectRandomFurthestSpawnPoint^17
0    1b5a8 SelectSpawnPoint
0    1b5be SelectInitialSpawnPoint
0    1b636 SelectSpectatorSpawnPoint
0    1b647 InitBodyQue
0    1b677 BodySink
0    1b6ad CopyToBodyQue
0    1b82e SetClientViewAngle
0    1b883 respawn
0    1b8dc TeamCount
0    1b925 TeamConnectedCount
0    1b96e TeamLeader
0    1b9b3 PickTeam
0    1b9ed ClientUserinfoChanged
0    1be0a ClientConnect
0    1bff0 ClientBegin
0    1c0f1 ClientSpawn
0    1c771 ClientDisconnect
0    1c8a9 DeathmatchScoreboardMessage
0    1c9e1 Cmd_Score_f
0    1c9ea CheatsOk
0    1ca1a ConcatArgs
0    1ca85 SanitizeString
0    1cad2 ClientNumberFromString
0    1cb9e Cmd_Give_f
0    1cda4 Cmd_God_f
0    1cded Cmd_Notarget_f
0    1ce36 Cmd_Noclip_f
0    1ce8e Cmd_LevelShot_f
0    1cedb Cmd_TeamTask_f
0    1cf32 Cmd_Kill_f
0    1cf80 BroadcastTeamChange
0    1d006 AllowTeamSwitch^18
0    1d057 SetTeam
0    1d3df StopFollowing
0    1d462 Cmd_Team_f^18
0    1d539 Cmd_Follow_f^18
0    1d5d9 Cmd_FollowCycle_f
0    1d683 G_SayTo^18
0    1d714 G_Say^18
0    1d87a Cmd_Say_f^18
0    1d8b3 Cmd_Tell_f^18
0    1d942 Cmd_GameCommand_f
0    1d9a5 Cmd_Where_f
0    1d9c7 ValidVoteCommand^18
0    1db52 Cmd_CallVote_f
0    1dd4f Cmd_Vote_f^18
0    1de1b G_RevertVote
0    1df3d Cmd_CallTeamVote_f^18
0    1e2ae Cmd_TeamVote_f^18
0    1e3b2 Cmd_SetViewpos_f^18
0    1e42b Cmd_DropFlag_f
0    1e4ec Cmd_DropRune_f
0    1e565 Cmd_DropPowerup_f
0    1e5e0 Cmd_DropItem_f
0    1e611 Cmd_DropAmmo_f
0    1e67f Cmd_DropHealth_f
0    1e6cd Cmd_Drop_f
0    1e9a7 Cmd_RBounce_f
0    1e9f1 Cmd_Cloak_f
0    1ea56 Cmd_Boots_f
0    1eaa5 Cmd_Stats_f^18
0    1eaa8 Cmd_Rune_f^18
0    1ebfc ClientCommand
0    1ef4a ScorePlum
0    1ef7f AddScore
0    1efcc TossClientItems
0    1f15f TossClientPersistantPowerups
0    1f1bf LookAtKiller
0    1f25b GibEntity
0    1f27f body_die
0    1f29f CheckAlmostCapture
0    1f37e CheckAlmostScored
0    1f41b player_pain
0    1f486 CheckFrozen
0    1f5ed player_frozen
0    1f6b0 player_die
0    1fbc8 CheckArmor
0    1fc25 RaySphereIntersections
0    1fd9d G_InvulnerabilityEffect
0    1fe57 G_LocationDamage
0    200c8 G_Damage
0    205e0 CanDamage
0    207a0 G_RadiusDamage
0    20939 G_WaterRadiusDamage
0    20adc SpawnTime
0    20b96 Pickup_Powerup
0    20d12 Pickup_PersistantPowerup
0    20f2e Pickup_Holdable
0    20fa4 Add_Ammo^20
0    20fe1 Pickup_Ammo^20
0    21020 Pickup_Weapon^20
0    210e5 Pickup_Health^20
0    21233 Pickup_Armor
0    212a1 RespawnItem
0    213aa Touch_Item
0    21754 Pickup_Item
0    219bb LaunchItem
0    21af4 Drop_Item
0    21b4d Use_Item
0    21b56 FinishSpawningItem
0    21c7b G_CheckTeamItems
0    21ccd ClearRegisteredItems
0    21d35 RegisterItem
0    21d4d SaveRegisteredItems
0    21d95 G_ItemDisabled
0    21dae G_GiveItem
0    21e0b G_SpawnItem
0    21ecc G_BounceItem
0    22014 G_RunItem
0    220e1 G_Alloc
0    22130 G_InitMemory
0    22136 Svcmd_GameMem_f
0    22143 SP_info_camp
0    22155 SP_info_null
0    2215e SP_info_notnull
0    22170 SP_light
0    22179 SP_misc_model
0    221f3 Use_Shooter
0    22307 InitShooter_Finish^22
0    2232b InitShooter
0    22395 SP_shooter_rocket
0    223a0 SP_shooter_plasma
0    223ab SP_shooter_grenade
0    223b6 fire_portal
0    224ed TeleportPlayer_real
0    2288e TeleportPlayer
0    228a5 TeleportPlayer_entity
0    2290e SP_misc_teleporter_dest
0    2294a locateCamera
0    22a39 SP_misc_portal_surface
0    22b2a SP_misc_portal_camera
0    22b7a PortalDestroy
0    22be6 PortalDie^23
0    22bef PortalTouch^23
0    22d89 PortalEnable^23
0    22f01 DropPortalDestination
0    23145 DropPortalSource
0    23382 UsePowerup
0    23557 G_BounceMissile
0    2366f G_ExplodeMissile
0    23797 G_MissileImpact
0    23b62 G_RunMissile
0    23c3c fire_plasma
0    23d7d fire_grenade
0    23e99 fire_bfg
0    23ff1 fire_rocket
0    2414c fire_grapple
0    24274 fire_nail
0    2442f fire_prox
0    24535 G_TestEntityPosition
0    245ad G_CreateRotationMatrix
0    245cf G_TransposeMatrix
0    2460e G_RotatePoint
0    24676 G_TryPushingEntity
0    248f5 G_MoverPush
0    24bdd G_MoverTeam
0    24d36 G_RunMover
0    24d62 SetMoverState
0    24f7a MatchTeam
0    24fa2 ReturnToPos1
0    24fd3 ReturnToApos1
0    25004 Reached_BinaryMover
0    2514a Use_BinaryMover
0    2535c InitMover
0    254c7 InitRotator
0    25632 Blocked_Door
0    256a7 Touch_DoorTriggerSpectator^26
0    25744 Touch_DoorTrigger
0    257b9 Think_SpawnNewDoorTrigger
0    258b1 Think_MatchTeam
0    258c7 SP_func_door_rotating
0    25acd SP_func_door
0    25c90 Touch_Plat
0    25cba Touch_PlatCenterTrigger
0    25ce3 SpawnPlatTrigger
0    25db5 SP_func_plat
0    25e9a Touch_Button
0    25ebd SP_func_button
0    25fdf Think_BeginMoving
0    25fef Reached_Train
0    260c6 Think_SetupTrainTargets
0    2617d SP_path_corner
0    2619e SP_func_train
0    26229 SP_func_static
0    26254 SP_func_rotating
0    262e2 SP_func_bobbing
0    26384 SP_func_pendulum
0    2642d G_MapExist
0    26477 G_LoadMap
0    26525 ParseMapRotation
0    266e5 G_WriteClientSessionData
0    2673b G_ReadClientSessionData
0    267a1 G_ClearClientSessionData
0    267be G_InitSessionData
0    268d2 G_InitWorldSession
0    268fa G_WriteSessionData
0    26935 G_SpawnString
0    26981 G_SpawnFloat
0    269a3 G_SpawnInt
0    269c5 G_SpawnVector
0    269f4 SP_item_botroam
0    269f7 G_CallSpawn
0    26a7a G_NewString
0    26b02 G_ParseField
0    26be8 G_SpawnGEntityFromSpawnVars
0    26d9b G_AddSpawnVarToken
0    26ddc G_ParseSpawnVars
0    26e6c SP_worldspawn
0    26f5b G_SpawnEntitiesFromString
0    26f84 StringToFilter^30
0    2704b UpdateIPBans^30
0    270f8 G_FilterPacket
0    271a1 AddIP^30
0    271f7 G_ProcessIPBans
0    2724d Svcmd_AddIP_f
0    2726d Svcmd_RemoveIP_f
0    272d3 Svcmd_EntityList_f
0    2738d ClientForString
0    27428 Svcmd_ForceTeam_f
0    2746d Svcmd_Freeze_f
0    2754f Svcmd_Rotate_f
0    275a6 ConsoleCommand
0    2772f Use_Target_Give
0    27797 SP_target_give
0    277a0 Use_target_remove_powerups
0    27821 SP_target_remove_powerups
0    2782a Think_Target_Delay
0    2783d Use_Target_Delay
0    27878 SP_target_delay
0    278af Use_Target_Score
0    278cd SP_target_score
0    278e3 Use_Target_Print
0    27976 SP_target_print
0    2797f Use_Target_Speaker
0    279ee SP_target_speaker
0    27ae3 target_laser_think
0    27c0c target_laser_on
0    27c27 target_laser_off
0    27c36 target_laser_use
0    27c59 target_laser_start
0    27ce6 SP_target_laser
0    27cf8 target_teleporter_use
0    27d35 SP_target_teleporter
0    27d60 target_relay_use
0    27df0 SP_target_relay
0    27df9 target_kill_use
0    27e16 SP_target_kill
0    27e1f SP_target_position
0    27e31 target_location_linkup^31
0    27ea4 SP_target_location
0    27ec5 target_use_exec
0    27f77 SP_target_exec
0    27fcf target_use_kamikaze
0    27fe3 SP_target_kamikaze
0    27fec target_earthquake
0    28001 SP_target_earthquake
0    28068 target_player_stop
0    2808c SP_target_player_stop
0    280c9 Team_InitGame
0    28103 OtherTeam
0    28119 TeamName
0    28146 PrintMsg
0    2819c AddTeamScore
0    28287 OnSameTeam
0    282bb Team_SetFlagStatus^32
0    28358 Team_CheckDroppedItem
0    283b8 Team_ForceGesture^32
0    28404 Team_FragBonuses
0    28915 Team_CheckHurtCarrier
0    28993 Team_ResetFlag^32
0    28a09 Team_ResetFlags
0    28a24 Team_ReturnFlagSound^32
0    28a61 Team_TakeFlagSound^32
0    28afa Team_CaptureFlagSound^32
0    28b37 Team_ReturnFlag
0    28b6c Team_FreeEntity
0    28bc2 Team_DroppedFlagThink
0    28c21 Team_TouchOurFlag^32
0    28ec6 Team_TouchEnemyFlag^32
0    28f32 Pickup_Team
0    28fca Team_GetLocation
0    29048 Team_GetLocationMsg
0    290af SelectRandomTeamSpawnPoint
0    2916e SelectCTFSpawnPoint
0    291b9 SortClients^32
0    291c4 TeamplayInfoMessage
0    292fb CheckTeamStatus
0    293b4 SP_team_CTF_redplayer
0    293b7 SP_team_CTF_blueplayer
0    293ba SP_team_CTF_redspawn
0    293bd SP_team_CTF_bluespawn
0    293c0 SP_team_CTF_goldplayer
0    293c3 SP_team_CTF_greenplayer
0    293c6 SP_team_CTF_goldspawn
0    293c9 SP_team_CTF_greenspawn
0    293cc InitTrigger
0    29407 multi_wait
0    29410 multi_trigger
0    294b3 Use_Multi
0    294bf Touch_Multi
0    294d4 SP_trigger_multiple
0    2952e trigger_always_think
0    29544 SP_trigger_always
0    2956e trigger_push_touch
0    295ae AimAtTarget
0    296a4 SP_trigger_push
0    296e5 Use_target_push
0    29776 SP_target_push
0    2981a trigger_teleporter_touch
0    2997d SP_trigger_teleport
0    299c8 hurt_use
0    299e0 hurt_touch
0    29a96 SP_trigger_hurt
0    29ae7 func_timer_think
0    29b21 func_timer_use
0    29b44 SP_func_timer
0    29bb6 AddRemap
0    29c31 BuildShaderStateConfig
0    29c77 G_FindConfigstringIndex
0    29ceb G_ModelIndex
0    29cfe G_SoundIndex
0    29d11 G_TeamCommand
0    29d4a G_Find
0    29da9 G_PickTarget
0    29e15 G_UseTargets
0    29eab vtos
0    29eeb G_SetMovedir
0    29f35 vectoyaw
0    29f84 G_InitGentity
0    29fac G_Spawn
0    2a053 G_FreeEntity
0    2a086 G_TempEntity
0    2a0d4 G_KillBox
0    2a187 G_AddPredictableEvent
0    2a1a4 G_AddEvent
0    2a220 G_Sound
0    2a239 G_SetOrigin
0    2a272 G_ResetHistory
0    2a2e6 G_StoreHistory
0    2a352 TimeShiftLerp^35
0    2a3ab G_TimeShiftClient
0    2a4fb G_TimeShiftAllClients
0    2a555 G_DoTimeShiftFor
0    2a59b G_UnTimeShiftClient
0    2a5e0 G_UnTimeShiftAllClients
0    2a636 G_UndoTimeShiftFor
0    2a65c G_PredictPlayerClipVelocity^35
0    2a6d4 G_PredictPlayerSlideMove
0    2a9af G_PredictPlayerStepSlideMove
0    2aa64 G_PredictPlayerMove
0    2aa70 CalcMuzzlePointOrigin
0    2aacf G_BounceProjectile
0    2ab7c Weapon_Gauntlet
0    2ab7f CheckGauntletAttack
0    2acc8 SnapVectorTowards
0    2ad5e Bullet_Fire^36
0    2af67 BFG_Fire
0    2afbf ShotgunPellet^36
0    2b08c ShotgunPattern^36
0    2b169 weapon_supershotgun_fire^36
0    2b1df weapon_grenadelauncher_fire
0    2b23a Weapon_RocketLauncher_Fire
0    2b33a Weapon_Plasmagun_Fire
0    2b36e weapon_railgun_fire
0    2b66c Weapon_GrapplingHook_Fire
0    2b69a Weapon_HookFree
0    2b6c7 Weapon_HookThink
0    2b753 Weapon_LightningFire
0    2b9a3 Weapon_Nailgun_Fire
0    2b9ec weapon_proxlauncher_fire
0    2ba30 dropWeapon
0    2baa5 ThrowWeapon
0    2bb86 Laser_Think
0    2bc5b Laser_Gen
0    2bce9 LogAccuracyHit
0    2bd40 FireWeapon
0    2bee6 KamikazeRadiusDamage^36
0    2c041 KamikazeShockWave^36
0    2c1c9 KamikazeDamage^36
0    2c350 G_StartKamikaze
0    2c462 G_Suck^37
0    2c662 fire_special_grenade
0    2c7c7 fire_special_railgun
0    2cb06 G_MissileDie
0    2cb29 RedirectTarget
0    2cc09 RedirectEntity
0    2cc8b rocket_think
0    2cd7f fire_special_rocket
0    2cfbe fire_flame
0    2d096 Weapon_fire_flame
0    2d0ef TelefragPlayer
0    2d19f weapon_telefrag_fire
0    2d3ea Q_rand
0    2d3ff Q_random
0    2d411 Q_crandom
0    2d422 VectorCompare
0    2d450 VectorLength
0    2d481 VectorLengthSquared
0    2d4ab Distance
0    2d4e2 VectorInverse
0    2d506 CrossProduct
0    2d55f DirToByte
0    2d5ba ByteToDir
0    2d5d8 RotatePointAroundVector
0    2d6e9 vectoangles
0    2d797 ProjectPointOnPlane
0    2d84e VectorRotate
0    2d8cb Q_fabs
0    2d8db AngleMod
0    2d8f1 AngleNormalize360
0    2d8ff AngleNormalize180
0    2d91e RadiusFromBounds
0    2d979 AddPointToBounds
0    2d9f6 VectorNormalize
0    2da60 VectorNormalize2
0    2dadc VectorNAN
0    2db02 MatrixMultiply
0    2dc6b MatrixTranspose
0    2dccc MatrixAdd
0    2dd65 AnglesToOrientation
0    2de53 OrientationToVectors
0    2deb8 OrthonormalizeOrientation
0    2df45 AngleVectors
0    2e037 PerpendicularVector
0    2e099 COM_BeginParseSession
0    2e0ae COM_Parse
0    2e0bd COM_ParseWarning
0    2e0dd SkipWhitespace^40
0    2e11c COM_ParseExt
0    2e27d SkipRestOfLine
0    2e2b7 Com_InitSeparators
0    2e2c9 SkipTillSeparators
0    2e30c COM_ParseSep
0    2e494 Com_Split
0    2e57e Q_strrchr
0    2e5b2 Q_strncpyz
0    2e5f5 Q_stricmpn
0    2e684 Q_strncmp
0    2e6da Q_stricmp
0    2e75b Q_strcat
0    2e787 Q_CleanStr
0    2e7e8 Com_sprintf
0    2e817 va
0    2e846 Q_strkey^40
0    2e885 Info_ValueForKey
0    2e975 Info_RemoveKey^40
0    2ea1b Info_Validate
0    2ea4c Info_ValidateKeyValue
0    2ea85 Info_SetValueForKey
0    2eb2e WheelAngle
0   46ea18 _stackStart
0   47ea18 _stackEnd
1        4 gameCvarTable^0
1     130c lastTime
1     14ec VEC_UP^4
1     14f8 MOVEDIR_UP^4
1     1504 VEC_DOWN^4
1     1510 MOVEDIR_DOWN^4
1     16f4 randSeed^8
1     16f8 exptable
1     26f8 bg_itemlist
1     4be4 bg_numItems
1     4cd0 pm_stopspeed
1     4cd4 pm_duckScale
1     4cd8 pm_swimScale
1     4cdc pm_ladderScale
1     4ce0 pm_ladderfriction
1     4ce4 pm_ladderAccelerate
1     4ce8 pm_accelerate
1     4cec pm_airaccelerate
1     4cf0 pm_wateraccelerate
1     4cf4 pm_flyaccelerate
1     4cf8 pm_friction
1     4cfc pm_waterfriction
1     4d00 pm_flightfriction
1     4d04 pm_spectatorfriction
1     4d08 c_pmove
1     4d0c pm_respawntimer^10
1     4d48 CP_SPRING_STRENGTH
1     4d4c CP_M_2_QU
1     4d50 CP_TORQUE_SLOPE^12
1     4d54 CP_GEAR_RATIOS^12
1     4e1c offsetFirst^15
1     4e28 offsetSecond^15
1     4e34 offsetThird^15
1     4e40 playerMins
1     4e4c playerMaxs
1     4e9c gc_orders^18
1     4eb8 voteCommands^18
1     4ee8 modNames
1     4fc0 sides^23
1     5008 PORTAL_SIZE^23
1     5054 fields
1     5168 spawns
1     53c4 num_target_execs
1     5400 remapCount
1     5470 vec3_origin
1     547c bytedirs
2     7825 ctfFlagStatusRemap^32
2     782a oneFlagStatusRemap^32
2     7d04 locase
3      f00 trap_GetValue
3      f04 mapnamesModificationCounts
3      f2c mapnames
3     19cc g_clients
3    98bcc svf_self_portal2
3    98bd0 g_ability
3    98ce0 g_stamina
3    98df0 g_mvproto
3    98f00 g_playerScale
3    99010 g_damageScale
3    99120 car_friction_scale
3    99230 car_air_frac_to_df
3    99340 car_air_cof
3    99450 car_body_elasticity
3    99560 car_IT_zScale
3    99670 car_IT_yScale
3    99780 car_IT_xScale
3    99890 car_frontweight_dist
3    999a0 car_wheel_damp
3    99ab0 car_wheel
3    99bc0 car_swaybar
3    99cd0 car_shock_down
3    99de0 car_shock_up
3    99ef0 car_spring
3    9a000 wp_flameRadius
3    9a110 wp_flameSplash
3    9a220 wp_flameDamage
3    9a330 wp_flameCycle
3    9a440 wp_chainDamage
3    9a550 wp_chainCycle
3    9a660 wp_proxTime
3    9a770 wp_proxSpeed
3    9a880 wp_proxRadius
3    9a990 wp_proxSplash
3    9aaa0 wp_proxDamage
3    9abb0 wp_proxCycle
3    9acc0 wp_nailTime
3    9add0 wp_nailSpeed
3    9aee0 wp_nailDamage
3    9aff0 wp_nailCycle
3    9b100 wp_grappleTime
3    9b210 wp_grappleSpeed
3    9b320 wp_grappleDamage
3    9b430 wp_grappleCycle
3    9b540 wp_grapplePull
3    9b650 wp_portalTime
3    9b760 wp_portalSpeed
3    9b870 wp_portalRadius
3    9b980 wp_portalSplash
3    9ba90 wp_portalDamage
3    9bba0 wp_portalCycle
3    9bcb0 wp_flameEnable
3    9bdc0 g_altGrapple
3    9bed0 wp_grappleEnable
3    9bfe0 g_altPortal
3    9c0f0 wp_portalEnable
3    9c200 wp_bfgTime
3    9c310 wp_bfgSpeed
3    9c420 wp_bfgRadius
3    9c530 wp_bfgSplash
3    9c640 wp_bfgDamage
3    9c750 wp_bfgCycle
3    9c860 wp_railDamage
3    9c970 wp_railCycle
3    9ca80 wp_plasmaTime
3    9cb90 wp_plasmaSpeed
3    9cca0 wp_plasmaRadius
3    9cdb0 wp_plasmaSplash
3    9cec0 wp_plasmaDamage
3    9cfd0 wp_plasmaCycle
3    9d0e0 wp_rocketTime
3    9d1f0 wp_rocketSpeed
3    9d300 wp_rocketRadius
3    9d410 wp_rocketSplash
3    9d520 wp_rocketDamage
3    9d630 wp_rocketCycle
3    9d740 wp_grenadeTime
3    9d850 wp_grenadeSpeed
3    9d960 wp_grenadeRadius
3    9da70 wp_grenadeSplash
3    9db80 wp_grenadeDamage
3    9dc90 wp_grenadeCycle
3    9dda0 wp_machineDamageTeam
3    9deb0 wp_machineDamage
3    9dfc0 wp_machineCycle
3    9e0d0 wp_shotgunDamage
3    9e1e0 wp_shotgunCycle
3    9e2f0 wp_lightDamage
3    9e400 wp_lightCycle
3    9e510 wp_gauntDamage
3    9e620 wp_gauntCycle
3    9e730 wp_gauntEnable
3    9e840 wp_rocketAccel
3    9e950 wp_rocketVuln
3    9ea60 wp_rocketBounce
3    9eb70 wp_plasmaBounce
3    9ec80 wp_bfgBounce
3    9ed90 wp_rocketHoming
3    9eea0 wp_railTelefrag
3    9efb0 wp_railBounce
3    9f0c0 wp_grenadeVortex
3    9f1d0 wp_grenadeCluster
3    9f2e0 g_scale
3    9f3f0 g_holdMultiple
3    9f500 g_hordeBodies
3    9f610 g_hordeBlue
3    9f720 g_hordeRed
3    9f830 g_hordeMode
3    9f940 g_supportsWeaponOrder
3    9fa50 g_bootsGravity
3    9fb60 g_enableBoots
3    9fc70 g_enableCloak
3    9fd80 g_dropWeapon
3    9fe90 g_wallWalk
3    9ffa0 g_jumpVelocity
3    a00b0 g_hasteFactor
3    a01c0 g_scoutFactor
3    a02d0 g_thawTime
3    a03e0 g_freezeTag
3    a04f0 g_upsideDown
3    a0600 g_sideview
3    a0710 g_thirdPerson
3    a0820 g_birdsEye
3    a0930 g_locDamage
3    a0a40 g_instagib
3    a0b50 g_hotBFG
3    a0c60 g_hotRockets
3    a0d70 g_unholyTrinity
3    a0e80 g_multigame
3    a0f90 g_rotation
3    a10a0 pmove_msec
3    a11b0 pmove_fixed
3    a12c0 g_smoothClients
3    a13d0 g_predictPVS
3    a14e0 g_unlagged
3    a15f0 g_listEntity
3    a1700 g_allowVote
3    a1810 g_podiumDrop
3    a1920 g_podiumDist
3    a1a30 g_blood
3    a1b40 g_motd
3    a1c50 g_debugAlloc
3    a1d60 g_debugDamage
3    a1e70 g_debugMove
3    a1f80 g_inactivity
3    a2090 g_forcerespawn
3    a21a0 g_weaponTeamRespawn
3    a22b0 g_weaponRespawn
3    a23c0 g_quadfactor
3    a24d0 g_knockback
3    a25e0 g_gravity
3    a26f0 g_speed
3    a2800 g_dedicated
3    a2910 g_needpass
3    a2a20 g_filterBan
3    a2b30 g_banIPs
3    a2c40 g_password
3    a2d50 g_logSync
3    a2e60 g_log
3    a2f70 g_warmup
3    a3080 g_teamForceBalance
3    a3190 g_autoJoin
3    a32a0 g_friendlyFire
3    a33b0 g_synchronousClients
3    a34c0 g_capturelimit
3    a35d0 g_timelimit
3    a36e0 g_fraglimit
3    a37f0 g_dmflags
3    a3900 g_maxGameClients
3    a3a10 g_maxclients
3    a3b20 g_gametype
3    a3c30 g_fps
3    a3d40 g_mapname
3    a3e50 g_cheats
3    a3f60 g_entities
3   37af60 level
3   37def4 notleader
3   37dff4 nodeswitch
3   37fca4 numnodeswitches
3   37fca8 blue_numaltroutegoals
3   37fcac blue_altroutegoals
3   37ffac red_numaltroutegoals
3   37ffb0 red_altroutegoals
3   3802b0 altroutegoals_setup
3   3802b4 max_bspmodelindex
3   3802b8 lastteleport_time
3   3802bc lastteleport_origin
3   3802c8 bot_spSkill
3   3803d8 bot_predictobstacles
3   3804e8 botai_freewaypoints
3   3804ec botai_waypoints
3   3836ec ctf_blueflag
3   383724 ctf_redflag
3   38375c bot_challenge
3   38386c bot_testrchat
3   38397c bot_nochat
3   383a8c bot_fastchat
3   383b9c bot_rocketjump
3   383cac bot_grapple
3   383dbc bot_instagib
3   383ecc gametype
3   384ee0 bot_interbreedwrite
3   384ff0 bot_interbreedcycle
3   385100 bot_interbreedbots
3   385210 bot_interbreedchar
3   385320 bot_developer
3   385430 bot_testclusters
3   385540 bot_testsolid
3   385650 bot_report
3   385760 bot_pause
3   385870 bot_saveroutingcache
3   385980 bot_memorydump
3   385a90 bot_thinktime
3   385ba0 bot_interbreedmatchcount
3   385ba4 bot_interbreed
3   385ba8 regularupdate_time
3   385bac numbots
3   385bb0 botstates
3   385cb0 mapname
3   385cf0 floattime
3   385cf4 ctftaskpreferences
3   3866f4 pml
3   386788 pm
3   38678c numTraces^11
3   386790 CP_CURRENT_GRAVITY
3   3872f0 podium3
3   3872f4 podium2
3   3872f8 podium1
3   387300 bot_minplayers
3   387410 botSpawnQueue^16
3   387490 g_arenaInfos^16
3   388490 g_numArenas
3   388494 g_botInfos^16
3   389494 g_numBots^16
3   389498 ban_reason^17
3   38999c itemRegistered
3   389d9c allocPoint^21
3   389da0 memoryPool^21
3   449da0 pushed_p
3   449da4 pushed
3   451da4 numIPFilters^30
3   451da8 ipFilters^30
3   453da8 target_execs
3   454028 teamgame
3   455160 remappedShaders
3   459360 muzzle_origin^36
3   45936c muzzle^36
3   459378 up^36
3   459384 right^36
3   459390 forward^36
3   45939c s_quadFactor^36
3   4593a0 muzzle_origin^37
3   4593ac muzzle^37
3   4593b8 up^37
3   4593c4 right^37
3   4593d0 forward^37
3   4593dc s_quadFactor^37
3   46de10 is_separator^40
3   46e210 com_tokenline^40
3   46e214 com_lines^40
3   46e218 com_parsename^40
3   46e618 com_token^40
