0 ffffff96 atan2
0 ffffff97 cos
0 ffffff98 sin
0 ffffff99 strncpy
0 ffffff9a memcpy
0 ffffff9b memset
0 ffffffa8 trap_SetPbClStatus
0 ffffffaa trap_LAN_CompareServers
0 ffffffab trap_LAN_ServerIsVisible
0 ffffffac trap_LAN_GetServerPing
0 ffffffad trap_LAN_ServerStatus
0 ffffffae trap_VerifyCDKey
0 ffffffaf trap_R_RemapShader
0 ffffffb0 trap_CIN_SetExtents
0 ffffffb1 trap_CIN_DrawCinematic
0 ffffffb2 trap_CIN_RunCinematic
0 ffffffb3 trap_CIN_StopCinematic
0 ffffffb4 trap_CIN_PlayCinematic
0 ffffffb5 trap_LAN_RemoveServer
0 ffffffb6 trap_LAN_AddServer
0 ffffffb7 trap_LAN_SaveCachedServers
0 ffffffb8 trap_LAN_LoadCachedServers
0 ffffffb9 trap_LAN_ResetPings
0 ffffffba trap_LAN_UpdateVisiblePings
0 ffffffbb trap_LAN_MarkServerVisible
0 ffffffbc trap_LAN_GetServerInfo
0 ffffffbd trap_LAN_GetServerAddressString
0 ffffffbe trap_LAN_GetServerCount
0 ffffffbf trap_RealTime
0 ffffffc0 trap_S_StartBackgroundTrack
0 ffffffc1 trap_S_StopBackgroundTrack
0 ffffffc2 trap_PC_SourceFileAndLine
0 ffffffc3 trap_PC_ReadToken
0 ffffffc4 trap_PC_FreeSource
0 ffffffc5 trap_PC_LoadSource
0 ffffffc7 trap_R_ModelBounds
0 ffffffc8 trap_R_RegisterFont
0 ffffffc9 trap_SetCDKey
0 ffffffca trap_GetCDKey
0 ffffffcb trap_MemoryRemaining
0 ffffffcc trap_Cvar_Update
0 ffffffcd trap_Cvar_Register
0 ffffffce trap_LAN_GetPingInfo
0 ffffffcf trap_LAN_GetPing
0 ffffffd0 trap_LAN_ClearPing
0 ffffffd1 trap_LAN_GetPingQueueCount
0 ffffffd2 trap_GetConfigString
0 ffffffd3 trap_GetClientState
0 ffffffd4 trap_GetGlconfig
0 ffffffd5 trap_GetClipboardData
0 ffffffd6 trap_Key_SetCatcher
0 ffffffd7 trap_Key_GetCatcher
0 ffffffd8 trap_Key_ClearStates
0 ffffffd9 trap_Key_SetOverstrikeMode
0 ffffffda trap_Key_GetOverstrikeMode
0 ffffffdb trap_Key_IsDown
0 ffffffdc trap_Key_SetBinding
0 ffffffdd trap_Key_GetBindingBuf
0 ffffffde trap_Key_KeynumToStringBuf
0 ffffffdf trap_S_StartLocalSound
0 ffffffe0 trap_S_RegisterSound
0 ffffffe2 trap_CM_LerpTag
0 ffffffe4 trap_R_DrawStretchPic
0 ffffffe5 trap_R_SetColor
0 ffffffe6 trap_R_RenderScene
0 ffffffe7 trap_R_AddLightToScene
0 ffffffe9 trap_R_AddRefEntityToScene
0 ffffffea trap_R_ClearScene
0 ffffffeb trap_R_RegisterShaderNoMip
0 ffffffec trap_R_RegisterSkin
0 ffffffed trap_R_RegisterModel
0 ffffffee trap_FS_GetFileList
0 ffffffef trap_FS_FCloseFile
0 fffffff0 trap_FS_Write
0 fffffff1 trap_FS_Read
0 fffffff2 trap_FS_FOpenFile
0 fffffff3 trap_Cmd_ExecuteText
0 fffffff4 trap_Argv
0 fffffff5 trap_Argc
0 fffffff8 trap_Cvar_Reset
0 fffffff9 trap_Cvar_SetValue
0 fffffffa trap_Cvar_VariableStringBuffer
0 fffffffb trap_Cvar_VariableValue
0 fffffffc trap_Cvar_Set
0 fffffffd trap_Milliseconds
0 fffffffe trap_Print
0 ffffffff trap_Error
0        0 vmMain
0       82 AssetCache
0      172 _UI_DrawSides
0      1c5 _UI_DrawTopBottom
0      218 _UI_DrawRect
0      24a Text_Width
0      2f2 Text_Height
0      39c Text_PaintChar
0      3da Text_Paint
0      57a Text_PaintWithCursor
0      7cf Text_Paint_Limit^0
0      917 UI_ShowPostGame
0      938 _UI_Refresh
0      9e1 _UI_Shutdown
0      9e7 GetMenuBuffer
0      a4d Asset_Parse
0      d01 UI_Report
0      d07 UI_ParseMenu
0      d75 Load_Menu
0      dc2 UI_LoadMenus
0      e6d UI_Load
0      ec0 UI_DrawHandicap^0
0      f07 UI_DrawClanName^0
0      f31 UI_SetCapFragLimits^0
0      f9e UI_DrawGameType^0
0      fc7 UI_DrawNetGameType^0
0     1007 UI_DrawJoinGameType^0
0     1040 UI_TeamIndexFromName^0
0     107b UI_DrawClanLogo^0
0     1122 UI_DrawClanCinematic^0
0     122d UI_DrawPreviewCinematic^0
0     1290 UI_DrawSkill^0
0     12d0 UI_DrawTeamName^0
0     1338 UI_DrawTeamMember^0
0     13c4 UI_DrawEffects^0
0     1404 UI_DrawMapPreview^0
0     14af UI_DrawMapTimeToBeat^0
0     1511 UI_DrawMapCinematic^0
0     15e9 UI_DrawPlayerModel^0
0     16b7 UI_DrawNetSource^0
0     16f5 UI_DrawNetMapPreview^0
0     1740 UI_DrawNetMapCinematic^0
0     1798 UI_DrawNetFilter^0
0     17d6 UI_DrawTier^0
0     181f UI_DrawTierMap^0
0     189d UI_EnglishMapName^0
0     18d3 UI_DrawTierMapName^0
0     1935 UI_DrawTierGameType^0
0     1995 UI_AIFromName^0
0     19cb UI_DrawOpponent^0
0     1a5a UI_NextOpponent^0
0     1aad UI_PriorOpponent^0
0     1b04 UI_DrawPlayerLogo^0
0     1ba2 UI_DrawPlayerLogoMetal^0
0     1c40 UI_DrawPlayerLogoName^0
0     1cde UI_DrawOpponentLogo^0
0     1d7c UI_DrawOpponentLogoMetal^0
0     1e1a UI_DrawOpponentLogoName^0
0     1eb8 UI_DrawAllMapsSelection^0
0     1efc UI_DrawOpponentName^0
0     1f26 UI_OwnerDrawWidth^0
0     2141 UI_DrawBotName^0
0     21a5 UI_DrawBotSkill^0
0     21d7 UI_DrawRedBlue^0
0     2207 UI_DrawCrosshair^0
0     224b UI_BuildPlayerList^0
0     238e UI_DrawSelectedPlayer^0
0     23da UI_DrawServerRefreshDate^0
0     2497 UI_DrawServerMOTD^0
0     25ca UI_DrawKeyBindStatus^0
0     2617 UI_DrawGLInfo^0
0     27b5 UI_OwnerDraw^0
0     2a9c UI_OwnerDrawVisible^0
0     2c0b UI_Handicap_HandleKey^0
0     2c71 UI_Effects_HandleKey^0
0     2cc8 UI_ClanName_HandleKey^0
0     2d52 UI_GameType_HandleKey^0
0     2e1c UI_NetGameType_HandleKey^0
0     2ea7 UI_JoinGameType_HandleKey^0
0     2f0a UI_Skill_HandleKey^0
0     2f67 UI_TeamName_HandleKey^0
0     2fe2 UI_TeamMember_HandleKey^0
0     3087 UI_NetSource_HandleKey^0
0     3111 UI_NetFilter_HandleKey^0
0     3163 UI_OpponentName_HandleKey^0
0     318c UI_BotName_HandleKey^0
0     320c UI_BotSkill_HandleKey^0
0     3259 UI_RedBlue_HandleKey^0
0     3281 UI_Crosshair_HandleKey^0
0     32db UI_SelectedPlayer_HandleKey^0
0     3359 UI_OwnerDrawHandleKey^0
0     34be UI_GetValue^0
0     34c3 UI_ServersQsortCompare^0
0     34de UI_ServersSort
0     34fc UI_LoadMods^0
0     357d UI_LoadTeams^0
0     35c1 UI_LoadMovies^0
0     3637 UI_LoadDemos^0
0     36e1 UI_SetNextMap^0
0     3718 UI_StartSkirmish^0
0     3a3a UI_Update^0
0     3d2c UI_RunMenuScript^0
0     48f5 UI_GetTeamColor^0
0     48f8 UI_MapCountByGameType^0
0     4977 UI_hasSkinForBase
0     49be UI_HeadCountByTeam^0
0     4b1e UI_InsertServerIntoDisplayList^0
0     4b63 UI_RemoveServerFromDisplayList^0
0     4bb0 UI_BinaryServerInsertion^0
0     4c30 UI_BuildServerDisplayList^0
0     4dfb UI_SortServerStatusInfo^0
0     4eee UI_GetServerStatusInfo^0
0     5208 stristr^0
0     526d UI_BuildFindPlayerList^0
0     54df UI_BuildServerStatus^0
0     553b UI_FeederCount^0
0     55de UI_SelectedMap^0
0     5625 UI_SelectedHead^0
0     566c UI_GetIndexFromSelection^0
0     56a1 UI_UpdatePendingPings^0
0     56b3 UI_FeederItemText^0
0     593f UI_FeederItemImage^0
0     59e9 UI_FeederSelection^0
0     5c52 Team_Parse^0
0     5d9d Character_Parse^0
0     5eef Alias_Parse^0
0     5fbf UI_ParseTeamInfo^0
0     604a GameType_Parse^0
0     614d MapList_Parse^0
0     628f UI_ParseGameInfo^0
0     6325 UI_Pause^0
0     6350 UI_PlayCinematic^0
0     636f UI_StopCinematic^0
0     6400 UI_DrawCinematic^0
0     641f UI_RunCinematicFrame^0
0     6428 UI_BuildQ3Model_List^0
0     659d _UI_Init
0     6775 _UI_KeyEvent
0     67d5 _UI_MouseEvent
0     683d UI_LoadNonIngame
0     6862 _UI_SetActiveMenu
0     6937 _UI_IsFullscreen
0     6956 UI_ReadableSize^0
0     6a01 UI_PrintTime^0
0     6a54 Text_PaintCenter
0     6a85 Text_PaintCenter_AutoWrapped
0     6b84 UI_DisplayDownloadInfo^0
0     6d81 UI_DrawConnectScreen
0     6ef9 UI_RegisterCvars
0     6f39 UI_UpdateCvars
0     6f9d UI_StopServerRefresh^0
0     6fdb UI_DoServerRefresh^0
0     703c UI_StartServerRefresh^0
0     710d Com_Error
0     712f Com_Printf
0     7151 UI_Argv
0     7160 UI_Cvar_VariableString
0     716f UI_SetBestScores
0     73ee UI_LoadBestScores
0     7472 UI_ClearScores
0     74f7 UI_Cache_f^1
0     74fd UI_CalcPostGameStats^1
0     776e UI_ConsoleCommand
0     786d UI_AdjustFrom640
0     78a4 UI_DrawHandlePic
0     78fe UI_FillRect
0     7931 UI_SetColor
0     793a UI_ParseInfos
0     7a30 UI_LoadArenasFromFile^2
0     7ab0 UI_LoadArenas
0     7ca7 UI_LoadBotsFromFile^2
0     7d2c UI_LoadBots
0     7da8 UI_GetBotInfoByNumber
0     7dd3 UI_GetNumBots
0     7dd9 UI_GetBotNameByNumber
0     7dfb UI_PlayerInfo_SetWeapon^3
0     7fba UI_ForceLegsAnim^3
0     7fdc UI_SetLegsAnim^3
0     8000 UI_ForceTorsoAnim^3
0     8034 UI_SetTorsoAnim^3
0     8058 UI_TorsoSequencing^3
0     80da UI_LegsSequencing^3
0     812f UI_PositionEntityOnTag^3
0     81e3 UI_PositionRotatedEntityOnTag^3
0     8299 UI_SetLerpFrameAnimation^3
0     82ea UI_RunLerpFrame^3
0     8413 UI_PlayerAnimation^3
0     84cf UI_SwingAngles^3
0     85d4 UI_MovedirAdjustment^3
0     867f UI_PlayerAngles^3
0     877d UI_PlayerFloatSprite^3
0     87a5 UI_MachinegunSpinAngle^3
0     883d UI_DrawPlayer
0     8b68 UI_FileExists^3
0     8b84 UI_FindClientHeadFile^3
0     8c96 UI_RegisterClientSkin^3
0     8de0 UI_ParseAnimationFile^3
0     8fdd UI_RegisterClientModelname
0     9211 UI_PlayerInfo_SetModel
0     926f UI_PlayerInfo_SetInfo
0     9459 UI_Alloc
0     949f UI_InitMemory
0     94a8 UI_OutOfMemory
0     94ae hashForString^4
0     94f2 String_Alloc
0     95ca String_Report
0     961b String_Init
0     965a PC_SourceError
0     968a LerpColor
0     96f7 Float_Parse
0     9723 PC_Float_Parse
0     9778 Color_Parse
0     97ad PC_Color_Parse
0     97e2 Int_Parse
0     980e PC_Int_Parse
0     9866 Rect_Parse
0     98ad PC_Rect_Parse
0     98f4 String_Parse
0     9920 PC_String_Parse
0     9941 PC_Script_Parse
0     99d1 Init_Display
0     99d8 GradientBar_Paint
0     9a19 Window_Init
0     9a55 Fade
0     9ac6 Window_Paint
0     9deb Item_SetScreenCoords
0     9e4b Item_UpdatePosition
0     9e99 Menu_UpdatePosition
0     9ef4 Menu_PostParse
0     9f24 Menu_ClearFocus
0     9faa IsVisible
0     9fc8 Rect_ContainsPoint
0     a00c Menu_ItemsMatchingGroup
0     a077 Menu_GetMatchingItemByNumber
0     a0f7 Script_SetColor
0     a199 Script_SetAsset
0     a1b0 Script_SetBackground
0     a1d0 Menu_FindItemByName
0     a222 Script_SetTeamColor
0     a257 Script_SetItemColor
0     a32e Menu_ShowItemByName
0     a3ac Menu_FadeItemByName
0     a42c Menus_FindByName
0     a461 Menus_OpenByName
0     a46a Menu_RunCloseScript^4
0     a494 Menus_CloseByName
0     a4ba Menus_CloseAll
0     a4e7 Script_Show
0     a505 Script_Hide
0     a523 Script_FadeIn
0     a541 Script_FadeOut
0     a55f Script_Open
0     a575 Script_ConditionalOpen
0     a5c4 Script_Close
0     a5da Menu_TransitionItemByName
0     a6c1 Script_Transition
0     a725 Menu_OrbitItemByName
0     a7ae Script_Orbit
0     a81e Script_SetFocus
0     a8a1 Script_SetPlayerModel
0     a8bd Script_SetPlayerHead
0     a8d9 Script_SetCvar
0     a903 Script_Exec
0     a928 Script_Play
0     a951 Script_playLooped
0     a979 Item_RunScript
0     aa14 Item_EnableShowViaCvar
0     aaed Item_SetFocus
0     ac49 Item_ListBox_MaxScroll
0     aca7 Item_ListBox_ThumbPosition
0     ad32 Item_ListBox_ThumbDrawPosition
0     adf1 Item_Slider_ThumbPosition
0     ae84 Item_Slider_OverSlider
0     aeb9 Item_ListBox_OverLB
0     b078 Item_ListBox_MouseEnter
0     b1a8 Item_MouseEnter
0     b2a1 Item_MouseLeave
0     b2e9 Item_SetMouseOver
0     b312 Item_OwnerDraw_HandleKey
0     b347 Item_ListBox_HandleKey
0     b809 Item_YesNo_HandleKey
0     b88a Item_Multi_CountSettings
0     b8a2 Item_Multi_FindCvarByValue
0     b927 Item_Multi_Setting
0     b9b8 Item_Multi_HandleKey
0     baa6 Item_TextField_HandleKey
0     bdf1 Scroll_ListBox_AutoFunc^4
0     be4e Scroll_ListBox_ThumbFunc^4
0     bfd3 Scroll_Slider_ThumbFunc^4
0     c06c Item_StartCapture
0     c157 Item_StopCapture
0     c15a Item_Slider_HandleKey
0     c252 Item_HandleKey
0     c321 Item_Action
0     c338 Menu_SetPrevCursorItem
0     c3fb Menu_SetNextCursorItem
0     c4ba Window_CloseCinematic^4
0     c4e2 Menu_CloseCinematics^4
0     c53a Display_CloseCinematics^4
0     c557 Menus_Activate
0     c5a8 Display_VisibleMenuCount
0     c5d2 Menus_HandleOOBClick
0     c698 Item_CorrectedTextRect^4
0     c6c0 Menu_HandleKey
0     c994 ToWindowCoords
0     c9e0 Item_SetTextExtents
0     cb4a Item_TextColor
0     cc77 Item_Text_AutoWrapped_Paint
0     ce0c Item_Text_Wrapped_Paint
0     cf09 Item_Text_Paint
0     cfa4 Item_TextField_Paint
0     d103 Item_YesNo_Paint
0     d20d Item_Multi_Paint
0     d2eb Controls_GetKeyAssignment^4
0     d34d Controls_GetConfig
0     d37f Controls_SetConfig
0     d3dd Controls_SetDefaults
0     d40c BindingIDFromName
0     d43d BindingFromName
0     d4c0 Item_Slider_Paint
0     d5c3 Item_Bind_Paint
0     d6f7 Display_KeyBindPending
0     d6fd Item_Bind_HandleKey
0     d8b3 AdjustFrom640
0     d8f6 Item_Model_Paint
0     da42 Item_ListBox_Paint
0     df50 Item_OwnerDraw_Paint
0     e1f2 Item_Paint
0     e610 Menu_Init
0     e64b Menu_GetFocused
0     e67f Menu_SetFeederSelection
0     e724 Menus_AnyFullScreenVisible
0     e751 Menus_ActivateByName
0     e7cc Item_Init
0     e7e9 Menu_HandleMouseMove
0     e950 Menu_Paint
0     ea3a Item_ValidateTypeData
0     eaf7 KeywordHash_Key
0     eb5b KeywordHash_Add
0     eb85 KeywordHash_Find
0     ebc4 ItemParse_name
0     ebdd ItemParse_focusSound
0     ec07 ItemParse_text
0     ec20 ItemParse_group
0     ec39 ItemParse_asset_model
0     ec7d ItemParse_asset_shader
0     eca3 ItemParse_model_origin
0     ece9 ItemParse_model_fovx
0     ed0f ItemParse_model_fovy
0     ed35 ItemParse_model_rotation
0     ed5b ItemParse_model_angle
0     ed7f ItemParse_rect
0     ed98 ItemParse_style
0     edb1 ItemParse_decoration
0     edc4 ItemParse_notselectable
0     edeb ItemParse_wrapped
0     edfe ItemParse_autowrapped
0     ee11 ItemParse_horizontalscroll
0     ee24 ItemParse_type
0     ee43 ItemParse_elementwidth
0     ee69 ItemParse_elementheight
0     ee8f ItemParse_feeder
0     eea8 ItemParse_elementtype
0     eedd ItemParse_columns
0     ef88 ItemParse_border
0     efa1 ItemParse_bordersize
0     efba ItemParse_visible
0     efe2 ItemParse_ownerdraw
0     f001 ItemParse_align
0     f01a ItemParse_textalign
0     f033 ItemParse_textalignx
0     f04c ItemParse_textaligny
0     f065 ItemParse_textscale
0     f07e ItemParse_textstyle
0     f097 ItemParse_backcolor
0     f0ce ItemParse_forecolor
0     f113 ItemParse_bordercolor
0     f14a ItemParse_outlinecolor
0     f163 ItemParse_background
0     f189 ItemParse_cinematic
0     f1a2 ItemParse_doubleClick
0     f1d7 ItemParse_onFocus
0     f1f0 ItemParse_leaveFocus
0     f209 ItemParse_mouseEnter
0     f222 ItemParse_mouseExit
0     f23b ItemParse_mouseEnterText
0     f254 ItemParse_mouseExitText
0     f26d ItemParse_action
0     f286 ItemParse_special
0     f29f ItemParse_cvarTest
0     f2b8 ItemParse_cvar
0     f2f9 ItemParse_maxChars
0     f332 ItemParse_maxPaintChars
0     f36b ItemParse_cvarFloat
0     f3d2 ItemParse_cvarStrList
0     f49f ItemParse_cvarFloatList
0     f562 ItemParse_addColorRange
0     f5c3 ItemParse_ownerdrawFlag
0     f5e8 ItemParse_enableCvar
0     f607 ItemParse_disableCvar
0     f626 ItemParse_showCvar
0     f645 ItemParse_hideCvar
0     f664 Item_SetupKeywordHash
0     f690 Item_Parse
0     f717 Item_InitControls
0     f752 MenuParse_font
0     f794 MenuParse_name
0     f7c1 MenuParse_fullscreen
0     f7de MenuParse_rect
0     f7f9 MenuParse_style
0     f816 MenuParse_visible
0     f842 MenuParse_onOpen
0     f85f MenuParse_onClose
0     f87c MenuParse_onESC
0     f899 MenuParse_border
0     f8b6 MenuParse_borderSize
0     f8d3 MenuParse_backcolor
0     f90a MenuParse_forecolor
0     f94f MenuParse_bordercolor
0     f986 MenuParse_focuscolor
0     f9bd MenuParse_disablecolor
0     f9f4 MenuParse_outlinecolor
0     fa11 MenuParse_background
0     fa3b MenuParse_cinematic
0     fa58 MenuParse_ownerdrawFlag
0     fa81 MenuParse_ownerdraw
0     fa9e MenuParse_popup
0     fab5 MenuParse_outOfBounds
0     facc MenuParse_soundLoop
0     fae9 MenuParse_fadeClamp
0     fb06 MenuParse_fadeAmount
0     fb23 MenuParse_fadeCycle
0     fb40 MenuParse_itemDef
0     fbc5 Menu_SetupKeywordHash
0     fbf1 Menu_Parse
0     fc81 Menu_New
0     fcb5 Menu_Count
0     fcbb Menu_PaintAll
0     fd14 Menu_Reset
0     fd1a Display_MouseMove
0     fd9a Window_CacheContents^4
0     fdcc Item_CacheContents^4
0     fdd9 Menu_CacheContents^4
0     fe2a Display_CacheAll
0     fe47 Menu_OverActiveItem^4
0     ff02 UI_VideoCheck
0     ff98 BG_StripColor
0     fff1 Q_stristr
0    10052 Q_strlen
0    10071 AddInt^6
0    1014c AddFloat^6
0    10261 AddString^6
0    102f3 ED_vsprintf
0    104e3 BG_sprintf
0    10500 swapfunc^7
0    10587 med3^7
0    1061a qsort
0    109cd strlen
0    109e8 strcat
0    10a22 strcpy
0    10a4e strcmp
0    10a8a strchr
0    10aba strstr
0    10b08 tolower
0    10b20 toupper
0    10b38 memmove
0    10b8b tan
0    10ba2 rand
0    10bb8 atof
0    10c79 atoi
0    10cf1 abs
0    10d0a fabs
0    10d23 UI_CLASSIC_ClampCvar
0    10d41 UI_CLASSIC_PushMenu
0    10de0 UI_CLASSIC_ForceMenuOff
0    10dff UI_CLASSIC_PopMenu
0    10e33 UI_CLASSIC_LerpColor
0    10ea0 UI_DrawBannerString2^8
0    10f6d UI_CLASSIC_DrawBannerString
0    11016 UI_CLASSIC_ProportionalStringWidth
0    11059 UI_DrawProportionalString2^8
0    1112d UI_CLASSIC_ProportionalSizeScale
0    1113c UI_CLASSIC_DrawProportionalString
0    112a1 UI_DrawProportionalString_AutoWrapped
0    1139d UI_DrawString2^8
0    11487 UI_CLASSIC_DrawString
0    1159d UI_CLASSIC_DrawChar
0    115b8 UI_CLASSIC_IsFullscreen
0    115d3 NeedCDAction^8
0    115e1 NeedCDKeyAction^8
0    115ef UI_CLASSIC_SetActiveMenu
0    1163d UI_CLASSIC_KeyEvent
0    1168d UI_CLASSIC_MouseEvent
0    117e0 UI_Cache_f
0    1183a UI_CLASSIC_ConsoleCommand
0    118fb UI_CLASSIC_Init
0    1190f UI_CLASSIC_AdjustFrom640
0    1194c UI_CLASSIC_DrawNamedPic
0    1197f UI_CLASSIC_DrawHandlePic
0    119d9 UI_DrawCursor^8
0    11a01 UI_CLASSIC_FillRect
0    11a34 UI_CLASSIC_DrawRect
0    11abb UI_CLASSIC_SetColor
0    11ac4 UI_CLASSIC_Refresh
0    11b8e UI_CLASSIC_CursorInRect
0    11bbd UI_CLASSIC_ParseInfos
0    11cb3 UI_LoadArenasFromFile^9
0    11d33 UI_LoadArenas^9
0    11f40 UI_GetArenaInfoByNumber
0    11fa3 UI_GetArenaInfoByMap
0    11fe2 UI_GetSpecialArenaInfo
0    12021 UI_LoadBotsFromFile^9
0    120aa UI_LoadBots^9
0    12130 UI_CLASSIC_GetBotInfoByNumber
0    1215b UI_CLASSIC_GetBotInfoByName
0    1219e UI_GetBestScore
0    12224 UI_SetBestScore
0    122ab UI_LogAwardData
0    1230e UI_GetAwardLevel
0    12338 UI_TierCompleted
0    123cf UI_ShowTierVideo
0    12421 UI_CanShowTierVideo
0    1246a UI_GetCurrentGame
0    124fd UI_NewGame
0    12531 UI_GetNumArenas
0    12537 UI_GetNumSPArenas
0    1253d UI_GetNumSPTiers
0    12545 UI_CLASSIC_GetNumBots
0    1254b UI_SPUnlock_f
0    125a1 UI_SPUnlockMedals_f
0    125db UI_InitGameinfo
0    125fe UI_PlayerInfo_SetWeapon^10
0    127bd UI_ForceLegsAnim^10
0    127df UI_SetLegsAnim^10
0    12803 UI_ForceTorsoAnim^10
0    12837 UI_SetTorsoAnim^10
0    1285b UI_TorsoSequencing^10
0    128dd UI_LegsSequencing^10
0    12932 UI_PositionEntityOnTag^10
0    129e6 UI_PositionRotatedEntityOnTag^10
0    12a9c UI_SetLerpFrameAnimation^10
0    12aed UI_RunLerpFrame^10
0    12c16 UI_PlayerAnimation^10
0    12cd2 UI_SwingAngles^10
0    12dd3 UI_MovedirAdjustment^10
0    12e7e UI_PlayerAngles^10
0    12f7c UI_PlayerFloatSprite^10
0    12fa4 UI_MachinegunSpinAngle^10
0    1303c UI_CLASSIC_DrawPlayer
0    13392 UI_RegisterClientSkin^10
0    13402 UI_ParseAnimationFile^10
0    13681 UI_CLASSIC_RegisterClientModelname
0    137c4 UI_CLASSIC_PlayerInfo_SetModel
0    1381c UI_CLASSIC_PlayerInfo_SetInfo
0    13a06 UI_AddBotsMenu_FightEvent^11
0    13a48 UI_AddBotsMenu_BotEvent^11
0    13a6a UI_AddBotsMenu_BackEvent^11
0    13a76 UI_AddBotsMenu_SetBotNames^11
0    13ab1 UI_AddBotsMenu_UpEvent^11
0    13acc UI_AddBotsMenu_DownEvent^11
0    13aea UI_AddBotsMenu_SortCompare^11
0    13b34 UI_AddBotsMenu_GetSortedBotNums^11
0    13b5c UI_AddBotsMenu_Draw^11
0    13b7e UI_AddBotsMenu_Init^11
0    13d68 UI_AddBots_Cache
0    13d93 UI_AddBotsMenu
0    13d9e UI_CDKeyMenu_Event^12
0    13dca UI_CDKeyMenu_PreValidateKey^12
0    13e23 UI_CDKeyMenu_DrawKey^12
0    13ef6 UI_CDKeyMenu_Init^12
0    13fcd UI_CDKeyMenu_Cache
0    13fe9 UI_CDKeyMenu
0    13ff4 UI_CDKeyMenu_f
0    13ffa UI_CinematicsMenu_BackEvent^13
0    14006 UI_CinematicsMenu_Event^13
0    14053 UI_CinematicsMenu_Init^13
0    14329 UI_CinematicsMenu_Cache
0    14340 UI_CinematicsMenu
0    1434b UI_CinematicsMenu_f
0    1436f ConfirmMenu_Event^14
0    14395 ConfirmMenu_Key^14
0    143ef ConfirmMenu_Draw^14
0    14429 ConfirmMenu_Cache
0    14431 UI_ConfirmMenu_Style
0    144f8 UI_ConfirmMenu
0    14509 Controls_InitCvars^16
0    14559 Controls_GetCvarDefault^16
0    14594 Controls_GetCvarValue^16
0    145cf Controls_UpdateModel^16
0    146bd Controls_Update^16
0    148bf Controls_DrawKeyBinding^16
0    14a52 Controls_StatusBar^16
0    14a62 Controls_DrawPlayer^16
0    14ab7 Controls_GetKeyAssignment^16
0    14b15 Controls_GetConfig^16
0    14bfa Controls_SetConfig^16
0    14cb7 Controls_SetDefaults^16
0    14d4c Controls_MenuKey^16
0    14ec9 Controls_ResetDefaults_Action^16
0    14edb Controls_ResetDefaults_Draw^16
0    14ef8 Controls_MenuEvent^16
0    14f8d Controls_ActionEvent^16
0    14fbd Controls_InitModel^16
0    14fdc Controls_InitWeapons^16
0    15001 Controls_MenuInit^16
0    1554c Controls_Cache
0    15563 UI_ControlsMenu
0    1556e UI_CreditMenu_Key^17
0    15584 UI_CreditMenu_Draw^17
0    15738 UI_CreditMenu
0    15752 Demos_DrawFilter^18
0    1583b UI_DemosSavePosition^18
0    15854 UI_DemosRestorePosition^18
0    1586d UI_DemosReadDir^18
0    159d9 UI_UpdateDirectory^18
0    15a67 UI_DemoClick^18
0    15af6 Demos_MenuEvent^18
0    15b5c UI_DemosDblclick^18
0    15b62 UI_DemosMenu_Key^18
0    15bc2 UI_cstrdiff
0    15c09 UI_cstricmp
0    15ccc compare_entries^18
0    15d0c UI_demosort^18
0    15dcf UI_DemosFillList^18
0    15f81 Demos_MenuInit^18
0    16144 Demos_Cache
0    1616a UI_DemosMenu
0    16175 UI_DisplayOptionsMenu_Event^19
0    161c8 UI_DisplayOptionsMenu_Init^19
0    16354 UI_DisplayOptionsMenu_Cache
0    1636b UI_DisplayOptionsMenu
0    1637d InGame_RestartAction^20
0    16390 InGame_QuitAction^20
0    1639f InGame_Event
0    163ff InGame_MenuInit
0    16678 InGame_Cache
0    16680 UI_InGameMenu
0    16694 MainMenu_ExitAction^22
0    166a3 Main_MenuEvent
0    166fa MainMenu_Cache
0    16707 ErrorMessage_Key
0    16717 Main_MenuDraw^22
0    1680d UI_TeamArenaExists^22
0    1686d UI_MainMenu
0    16a53 MField_Draw
0    16b7d MField_Paste
0    16bb2 MField_KeyDownEvent
0    16d07 MField_CharEvent
0    16e68 MField_Clear
0    16e7f MenuField_Init
0    16efe MenuField_Draw
0    16fe1 MenuField_Key
0    170b3 UI_Mods_MenuEvent^24
0    170e9 UI_Mods_ParseInfos^24
0    17153 UI_Mods_LoadMods^24
0    171da UI_Mods_MenuInit^24
0    172af UI_ModsMenu_Cache
0    172d0 UI_ModsMenu
0    172db UI_NetworkOptionsMenu_Event^25
0    17357 UI_NetworkOptionsMenu_Init^25
0    174c2 UI_NetworkOptionsMenu_Cache
0    174d9 UI_NetworkOptionsMenu
0    174eb PlayerModel_UpdateGrid^27
0    175ef PlayerModel_UpdateModel^27
0    17625 PlayerModel_SaveChanges^27
0    17636 PlayerModel_MenuEvent^27
0    17685 PlayerModel_MenuKey^27
0    1779a PlayerModel_PicEvent^27
0    17895 PlayerModel_DrawPlayer^27
0    178e9 PlayerModel_BuildList^27
0    17a16 PlayerModel_SetMenuItems^27
0    17ae0 PlayerModel_MenuInit^27
0    17d80 PlayerModel_Cache
0    17dbf UI_PlayerModelMenu
0    17dd8 PlayerSettings_DrawName^28
0    17f0a PlayerSettings_DrawHandicap^28
0    17f77 PlayerSettings_DrawEffects^28
0    18035 PlayerSettings_DrawPlayer^28
0    1809f PlayerSettings_SaveChanges^28
0    180c1 PlayerSettings_MenuKey^28
0    180df PlayerSettings_SetMenuItems^28
0    1815d PlayerSettings_MenuEvent^28
0    181a0 PlayerSettings_MenuInit^28
0    18327 PlayerSettings_Cache
0    1835c UI_PlayerSettingsMenu
0    18367 UpdatePreferences
0    18386 Preferences_SetMenuItems^29
0    18475 Preferences_Event^29
0    1855b Crosshair_Draw^29
0    18644 Preferences_MenuInit^29
0    188a2 Preferences_Cache
0    188f0 UI_PreferencesMenu
0    188fb Text_Init^30
0    1890c Text_Draw^30
0    18971 BText_Init^30
0    18982 BText_Draw^30
0    189c4 PText_Init^30
0    18a55 PText_Draw^30
0    18ac1 Bitmap_Init
0    18b48 Bitmap_Draw
0    18d24 Action_Init^30
0    18d74 Action_Draw^30
0    18e16 RadioButton_Init^30
0    18e6a RadioButton_Key^30
0    18f00 RadioButton_Draw^30
0    19011 Slider_Init^30
0    19065 Slider_Key^30
0    19169 Slider_Draw^30
0    1926e SpinControl_Init^30
0    19311 SpinControl_Key^30
0    193cc SpinControl_Draw^30
0    194ae ScrollList_Init^30
0    19562 ScrollList_Key
0    19c8c ScrollList_Draw
0    19d95 Menu_AddItem
0    19e87 Menu_CursorMoved
0    19f0c Menu_SetCursor
0    19f39 Menu_SetCursorToItem
0    19f6f Menu_AdjustCursor
0    1a018 Menu_Draw
0    1a15f Menu_ItemAtCursor
0    1a187 Menu_ActivateItem
0    1a1b1 Menu_DefaultKey
0    1a38d Menu_Cache
0    1a461 UI_RemoveBotsMenu_SetBotNames^31
0    1a4b0 UI_RemoveBotsMenu_DeleteEvent^31
0    1a4d2 UI_RemoveBotsMenu_BotEvent^31
0    1a4f4 UI_RemoveBotsMenu_BackEvent^31
0    1a500 UI_RemoveBotsMenu_UpEvent^31
0    1a51b UI_RemoveBotsMenu_DownEvent^31
0    1a539 UI_RemoveBotsMenu_GetBots^31
0    1a5a4 UI_RemoveBots_Cache
0    1a5c0 UI_RemoveBotsMenu_Init^31
0    1a75a UI_RemoveBotsMenu
0    1a765 Favorites_Add
0    1a7d7 ServerInfo_Event^33
0    1a802 ServerInfo_MenuKey^33
0    1a811 ServerInfo_Cache
0    1a835 UI_ServerInfoMenu
0    1a9d9 ArenaServers_DrawFilter^34
0    1aadc ArenaServers_MaxPing^34
0    1aaf4 ArenaServers_Compare^34
0    1abfc ArenaServers_Go^34
0    1ac1d ArenaServers_Dblclick^34
0    1ac23 ArenaServers_UpdatePicture^34
0    1ac4c ArenaServers_UpdateList^34
0    1ad83 ArenaServers_UpdateMenu^34
0    1aea5 ArenaServers_Remove^34
0    1af6c UI_CleanStr^34
0    1b029 ArenaServers_Insert^34
0    1b20e ArenaServers_LoadFavorites
0    1b2e2 ArenaServers_StopRefresh^34
0    1b30d ArenaServers_DoRefresh^34
0    1b4c5 ArenaServers_StartRefresh^34
0    1b577 ArenaServers_SaveChanges
0    1b5c1 ArenaServers_Sort
0    1b5dd ArenaServers_SetType
0    1b661 ArenaServers_Event^34
0    1b758 ArenaServers_MenuDraw^34
0    1b767 ArenaServers_MenuKey^34
0    1b7d6 ArenaServers_MenuInit^34
0    1bb79 ArenaServers_Cache
0    1bbc2 UI_ArenaServersMenu
0    1bbcd Setup_ResetDefaults_Action^35
0    1bbeb Setup_ResetDefaults_Draw^35
0    1bc08 UI_SetupMenu_Event^35
0    1bc4f UI_SetupMenu_Init^35
0    1bde1 UI_SetupMenu_Cache
0    1bdf8 UI_SetupMenu
0    1be03 UI_SoundOptionsMenu_Event^36
0    1be84 UI_SoundOptionsMenu_Init^36
0    1c03d UI_SoundOptionsMenu_Cache
0    1c054 UI_SoundOptionsMenu
0    1c066 UI_SPArena_Start
0    1c0fa SpecifyServer_Event^38
0    1c154 SpecifyServer_MenuInit
0    1c247 SpecifyServer_Cache
0    1c26b UI_SpecifyServerMenu
0    1c276 PlayerIcon^39
0    1c2db PlayerIconHandle^39
0    1c2f1 UI_SPLevelMenu_SetBots^39
0    1c3d0 UI_SPLevelMenu_SetMenuArena^39
0    1c491 UI_SPLevelMenu_SetMenuItems^39
0    1c656 UI_SPLevelMenu_ResetDraw^39
0    1c68d UI_SPLevelMenu_ResetAction^39
0    1c6a6 UI_SPLevelMenu_ResetEvent^39
0    1c6b8 UI_SPLevelMenu_LevelEvent^39
0    1c700 UI_SPLevelMenu_LeftArrowEvent^39
0    1c71e UI_SPLevelMenu_RightArrowEvent^39
0    1c73c UI_SPLevelMenu_PlayerEvent^39
0    1c748 UI_SPLevelMenu_AwardEvent^39
0    1c767 UI_SPLevelMenu_NextEvent^39
0    1c784 UI_SPLevelMenu_BackEvent^39
0    1c797 UI_SPLevelMenu_CustomEvent^39
0    1c7a5 UI_SPLevelMenu_MenuDraw^39
0    1caa0 UI_SPLevelMenu_Cache
0    1cb72 UI_SPLevelMenu_Init^39
0    1cea1 UI_SPLevelMenu
0    1cf4e UI_SPLevelMenu_f
0    1cf5c UI_SPLevelMenu_ReInit
0    1cf62 UI_SPPostgameMenu_AgainEvent^40
0    1cf75 UI_SPPostgameMenu_NextEvent^40
0    1cfd5 UI_SPPostgameMenu_MenuEvent^40
0    1cfe8 UI_SPPostgameMenu_MenuKey^40
0    1d041 UI_SPPostgameMenu_DrawAwardsMedals^40
0    1d0c4 UI_SPPostgameMenu_DrawAwardsPresentation^40
0    1d13b UI_SPPostgameMenu_MenuDrawScoreLine^40
0    1d1c8 UI_SPPostgameMenu_MenuDraw^40
0    1d350 UI_SPPostgameMenu_Cache
0    1d3ba UI_SPPostgameMenu_Init^40
0    1d43e Prepname^40
0    1d4a1 UI_SPPostgameMenu_f
0    1d7d9 SetSkillColor^41
0    1d80c UI_SPSkillMenu_SkillEvent^41
0    1d863 UI_SPSkillMenu_FightEvent^41
0    1d872 UI_SPSkillMenu_BackEvent^41
0    1d886 UI_SPSkillMenu_Key^41
0    1d8a9 UI_SPSkillMenu_Cache
0    1d90f UI_SPSkillMenu_Init^41
0    1da9c UI_SPSkillMenu
0    1dab2 GametypeBits^42
0    1db3e StartServer_Update^42
0    1dca7 StartServer_MapEvent^42
0    1dcc1 StartServer_GametypeEvent^42
0    1dd53 StartServer_MenuEvent^42
0    1ddb7 StartServer_LevelshotDraw^42
0    1df13 StartServer_MenuInit^42
0    1e192 StartServer_Cache
0    1e227 UI_StartServerMenu
0    1e236 BotAlreadySelected^42
0    1e282 ServerOptions_Start^42
0    1e4b5 ServerOptions_InitPlayerItems^42
0    1e563 ServerOptions_SetPlayerItems^42
0    1e5ff ServerOptions_Event^42
0    1e643 ServerOptions_PlayerNameEvent^42
0    1e661 ServerOptions_StatusBar^42
0    1e67a ServerOptions_LevelshotDraw^42
0    1e707 ServerOptions_InitBotNames^42
0    1e858 ServerOptions_SetMenuItems^42
0    1ea06 PlayerName_Draw^42
0    1eadf ServerOptions_MenuInit^42
0    1eeb1 ServerOptions_Cache
0    1eed2 UI_ServerOptionsMenu^42
0    1eee0 UI_BotSelectMenu_SortCompare^42
0    1ef2a UI_BotSelectMenu_BuildList^42
0    1ef74 ServerPlayerIcon^42
0    1efd9 UI_BotSelectMenu_UpdateGrid^42
0    1f149 UI_BotSelectMenu_Default^42
0    1f1bc UI_BotSelectMenu_LeftEvent^42
0    1f1dd UI_BotSelectMenu_RightEvent^42
0    1f201 UI_BotSelectMenu_BotEvent^42
0    1f267 UI_BotSelectMenu_BackEvent^42
0    1f273 UI_BotSelectMenu_SelectEvent^42
0    1f292 UI_BotSelectMenu_Cache
0    1f2c2 UI_BotSelectMenu_Init^42
0    1f519 UI_BotSelectMenu
0    1f527 TeamMain_MenuEvent^43
0    1f58d TeamMain_MenuInit
0    1f72a TeamMain_Cache
0    1f732 UI_TeamMainMenu
0    1f73d UI_TeamOrdersMenu_BackEvent^44
0    1f749 UI_TeamOrdersMenu_SetList^44
0    1f78a UI_TeamOrdersMenu_Key
0    1f8ac UI_TeamOrdersMenu_ListDraw^44
0    1f926 UI_TeamOrdersMenu_ListEvent^44
0    1f9a0 UI_TeamOrdersMenu_BuildBotList^44
0    1fa87 UI_TeamOrdersMenu_Init^44
0    1fb1e UI_TeamOrdersMenu_Cache
0    1fb30 UI_TeamOrdersMenu
0    1fb3b UI_TeamOrdersMenu_f
0    1fb85 DriverInfo_Event^45
0    1fb9e DriverInfo_MenuDraw^45
0    1fc72 DriverInfo_Cache
0    1fc96 UI_DriverInfo_Menu^45
0    1fdcc GraphicsOptions_GetInitialVideo^45
0    1fdf4 GraphicsOptions_CheckConfig^45
0    1fe64 GraphicsOptions_UpdateMenuItems^45
0    1ff30 GraphicsOptions_ApplyChanges^45
0    20029 GraphicsOptions_Event^45
0    200aa GraphicsOptions_TQEvent^45
0    200bb GraphicsOptions_MenuDraw
0    200c6 GraphicsOptions_SetMenuItems^45
0    201be GraphicsOptions_MenuInit
0    2047a GraphicsOptions_Cache
0    2049b UI_GraphicsOptionsMenu
0    204ad AnglesToAxis
0    204e2 AxisClear
0    2051d Q_fabs
0    2052d AngleSubtract
0    20552 AnglesSubtract
0    205a0 AngleMod
0    205b6 MatrixMultiply
0    2071f AngleVectors
0    20811 Com_Clamp
0    2082f COM_StripExtension
0    2087a COM_Parse
0    20889 SkipWhitespace^47
0    208c8 COM_Compress
0    20a18 COM_ParseExt
0    20b79 Q_isprint
0    20b8e Q_islower
0    20ba3 Q_isupper
0    20bb8 Q_isalpha
0    20bd5 Q_strrchr
0    20c09 Q_strncpyz
0    20c4c Q_stricmpn
0    20cdb Q_stricmp
0    20d5c Q_strupr
0    20d82 Q_strcat
0    20dae Q_CleanStr
0    20e0f Com_sprintf
0    20e3e va
0    20e6d Q_strkey^47
0    20eac Info_ValueForKey
0    20f9c Info_NextPair
0    21034 Info_RemoveKey^47
0    210da Info_ValidateKeyValue
0    21113 Info_SetValueForKey
0   2ad3cc _stackStart
0   2bd3cc _stackEnd
1        4 MonthAbbrev^0
1       34 skillLevels^0
1       48 numSkillLevels^0
1       4c netSources^0
1       5c numNetSources^0
1       60 serverFilters^0
1       98 teamArenaGameTypes^0
1       bc numTeamArenaGameTypes^0
1       c0 numServerFilters^0
1       c4 netnames^0
1       d4 gamecodetoui^0
1       f0 uitogamecode^0
1      138 defaultMenu
1      13c handicapValues^0
1      190 updateModel^0
1      194 q3Model^0
1      198 updateOpponentModel^0
1      42c serverStatusCvars
1      4cc cvarTable^0
1      d8c cvarTableSize^0
1      dd0 captureFunc^4
1      dd4 captureData^4
1      dd8 itemCapture^4
1      ddc DC
1      de0 g_waitingForKey^4
1      de4 g_editingField^4
1      de8 g_bindItem^4
1      dec g_editItem^4
1      df0 menuCount
1      df4 openMenuCount
1      df8 debugMode^4
1      dfc lastListBoxClickTime^4
1      e00 strPoolIndex^4
1      e04 strHandleCount^4
1      e0c commandList
1      eb4 scriptCommandCount
1      f78 g_bindings^4
1     1530 g_bindCount^4
1     156c itemParseKeywords
1     1860 menuParseKeywords
1     19cc bg_itemlist
1     3f28 randSeed^7
1     3f2c propMap^8
1     452c propMapB^8
1     46c0 skillNames^11
1     46d8 teamNames1^11
1     46e0 teamNames2^11
1     4748 cinematics^13
1     4770 controls_binding_color^16
1     4780 g_bindings^16
1     4be0 g_configcvars^16
1     4c4c g_movement_controls^16
1     4c7c g_weapons_controls^16
1     4cb4 g_looking_controls^16
1     4ce4 g_misc_controls^16
1     4d04 g_controls^16
1     4dc8 dirlevel^18
1     4dcc sorttype^18
1     4e7c rate_items^25
1     4eac playermodel_artlist^27
1     4ed8 handicap_items^28
1     4f2c teamoverlay_names^29
1     4f74 menu_names^29
1     4f80 menu_text_color
1     4f90 color_black
1     4fa0 color_white
1     4fb0 color_yellow
1     4fc0 color_orange
1     4fd0 color_red
1     4fe0 pulse_color
1     4ff0 text_color_disabled
1     5000 text_color_normal
1     5010 text_color_highlight
1     5020 listbar_color
1     5174 serverinfo_artlist^33
1     5188 master_items^34
1     5198 servertype_items^34
1     51b0 sortkey_items^34
1     51c8 netnames^34
1     51d8 punkbuster_items
1     5278 quality_items^36
1     52a8 specifyserver_artlist^38
1     52c4 ui_medalNames
1     52dc ui_medalPicNames
1     52f4 ui_medalSounds
1     530c medalLocations^40
1     5338 gametype_items^42
1     534c gametype_remap^42
1     535c gametype_remap2^42
1     5380 dedicated_list^42
1     5390 playerType_list^42
1     53a0 playerTeam_list^42
1     53ac botSkill_list^42
1     5434 ctfOrders^44
1     5454 ctfMessages^44
1     5474 teamOrders^44
1     5490 teamMessages^44
1     54ac driverinfo_artlist^45
1     54c0 s_ivo_templates^45
1     5638 vec3_origin
1     5644 colorBlack
1     5654 colorRed
1     5664 colorGreen
1     5674 colorBlue
1     5684 colorYellow
1     5694 colorWhite
1     56a4 colorMdGrey
1     56b4 g_color_table
2     6450 dir^18
2     72c0 quake3worldMessage^34
2     8beb locase
3     9718 lastLoadingText^0
3     9b18 lastConnState^0
3     9b1c uiInfo
3    2b1f8 ui_serverStatusTimeOut
3    2b308 ui_realCaptureLimit
3    2b418 ui_realWarmUp
3    2b528 ui_teamArenaFirstRun
3    2b638 ui_recordSPDemo
3    2b748 ui_hudFiles
3    2b858 ui_Q3Model
3    2b968 ui_findPlayer
3    2ba78 ui_bigFont
3    2bb88 ui_smallFont
3    2bc98 ui_captureLimit
3    2bda8 ui_fragLimit
3    2beb8 ui_scoreShutoutBonus
3    2bfc8 ui_scoreSkillBonus
3    2c0d8 ui_scoreTimeBonus
3    2c1e8 ui_scoreTime
3    2c2f8 ui_scoreBase
3    2c408 ui_scoreTeam
3    2c518 ui_scorePerfect
3    2c628 ui_scoreScore
3    2c738 ui_scoreGauntlets
3    2c848 ui_scoreAssists
3    2c958 ui_scoreDefends
3    2ca68 ui_scoreCaptures
3    2cb78 ui_scoreExcellents
3    2cc88 ui_scoreImpressives
3    2cd98 ui_scoreAccuracy
3    2cea8 ui_singlePlayerActive
3    2cfb8 ui_lastServerRefresh_3
3    2d0c8 ui_lastServerRefresh_2
3    2d1d8 ui_lastServerRefresh_1
3    2d2e8 ui_lastServerRefresh_0
3    2d3f8 ui_selectedPlayerName
3    2d508 ui_selectedPlayer
3    2d618 ui_currentOpponent
3    2d728 ui_mapIndex
3    2d838 ui_currentNetMap
3    2d948 ui_currentMap
3    2da58 ui_currentTier
3    2db68 ui_menuFiles
3    2dc78 ui_serverFilterType
3    2dd88 ui_netSource
3    2de98 ui_blueteam5
3    2dfa8 ui_blueteam4
3    2e0b8 ui_blueteam3
3    2e1c8 ui_blueteam2
3    2e2d8 ui_blueteam1
3    2e3e8 ui_redteam5
3    2e4f8 ui_redteam4
3    2e608 ui_redteam3
3    2e718 ui_redteam2
3    2e828 ui_redteam1
3    2e938 ui_actualNetGameType
3    2ea48 ui_netGameType
3    2eb58 ui_joinGameType
3    2ec68 ui_gameType
3    2ed78 ui_dedicated
3    2ee88 ui_blueteam
3    2ef98 ui_redteam
3    2f0a8 ui_opponentName
3    2f1b8 ui_teamName
3    2f2c8 ui_initialized
3    2f3d8 ui_debug
3    2f4e8 ui_new
3    2f5f8 ui_developer
3    2f708 ui_cdkeychecked
3    2f818 ui_server16
3    2f928 ui_server15
3    2fa38 ui_server14
3    2fb48 ui_server13
3    2fc58 ui_server12
3    2fd68 ui_server11
3    2fe78 ui_server10
3    2ff88 ui_server9
3    30098 ui_server8
3    301a8 ui_server7
3    302b8 ui_server6
3    303c8 ui_server5
3    304d8 ui_server4
3    305e8 ui_server3
3    306f8 ui_server2
3    30808 ui_server1
3    30918 ui_marks
3    30a28 ui_drawCrosshairNames
3    30b38 ui_drawCrosshair
3    30c48 ui_brassTime
3    30d58 ui_browserShowEmpty
3    30e68 ui_browserShowFull
3    30f78 ui_browserSortKey
3    31088 ui_browserGameType
3    31198 ui_browserMaster
3    312a8 ui_spSelection
3    313b8 ui_spSkill
3    314c8 ui_spVideos
3    315d8 ui_spAwards
3    316e8 ui_spScores5
3    317f8 ui_spScores4
3    31908 ui_spScores3
3    31a18 ui_spScores2
3    31b28 ui_spScores1
3    31c38 ui_botsFile
3    31d48 ui_arenasFile
3    31e58 ui_ctf_friendly
3    31f68 ui_ctf_timelimit
3    32078 ui_ctf_capturelimit
3    32188 ui_team_friendly
3    32298 ui_team_timelimit
3    323a8 ui_team_fraglimit
3    324b8 ui_tourney_timelimit
3    325c8 ui_tourney_fraglimit
3    326d8 ui_ffa_timelimit
3    327e8 ui_ffa_fraglimit
3    330f8 ui_arenaInfos^2
3    340f8 ui_numArenas^2
3    340fc ui_botInfos^2
3    350fc ui_numBots^2
3    35100 jumpHeight^3
3    35104 dp_realtime^3
3    36118 menuParseKeywordHash
3    36918 itemParseKeywordHash
3    37118 g_nameBind2
3    37138 g_nameBind1
3    37158 strHandle^4
3    39158 strPool^4
3    99158 outOfMemory
3    9915c allocPoint
3    99160 memoryPool^4
3   199160 menuStack
3   1991a0 Menus
3   1a32a0 scrollInfo^4
3   1a32c0 uis
3   1a5f9c m_entersound
3   1a5fa0 ui_numSpecialSinglePlayerArenas^9
3   1a5fa4 ui_numSinglePlayerArenas^9
3   1a5fa8 ui_arenaInfos^9
3   1a6fa8 ui_numArenas^9
3   1a6fac ui_botInfos^9
3   1a7fac ui_numBots^9
3   1a7fb0 jumpHeight^10
3   1a7fb4 dp_realtime^10
3   1a7fb8 addBotsMenuInfo^11
3   1a9684 cdkeyMenuInfo^12
3   1a9a5c cinematicsMenuInfo^13
3   1a9fd8 s_confirm^14
3   1aa1cc s_controls^16
3   1ab5a8 s_credits^17
3   1ab6cc show_names^18
3   1db6cc buffer^18
3   1eb6cc listpos^18
3   1eb8cc num_files^18
3   1eb8d0 dptr^18
3   1ec8d0 dentry^18
3   1ef8d0 s_demos^18
3   1f0f84 displayOptionsInfo^19
3   1f13d8 s_ingame^20
3   1f1850 s_errorMessage^22
3   1f2974 s_main^22
3   1f2cfc s_mods^24
3   1f4250 networkOptionsInfo^25
3   1f46d0 s_playermodel^27
3   1fdc28 s_playersettings^28
3   1fe68c s_preferences^29
3   1fece4 sliderButton_1^30
3   1fece8 sliderButton_0^30
3   1fecec sliderBar^30
3   1fecf0 weaponChangeSound
3   1fecf4 menu_null_sound
3   1fecf8 menu_buzz_sound
3   1fecfc menu_out_sound
3   1fed00 menu_move_sound
3   1fed04 menu_in_sound
3   1fed08 removeBotsMenuInfo^31
3   2003a0 show_info^33
3   2029e0 itemnames^33
3   202ae0 s_serverinfo^33
3   20329c g_fullservers^34
3   2032a0 g_emptyservers^34
3   2032a4 g_sortkey^34
3   2032a8 g_gametype^34
3   2032ac g_servertype^34
3   2032b0 g_numfavoriteservers^34
3   2032b4 g_favoriteserverlist^34
3   203bb4 g_numlocalservers^34
3   203bb8 g_localserverlist^34
3   215bb8 g_numglobalservers^34
3   215bbc g_globalserverlist^34
3   281bbc g_arenaservers^34
3   28fe0c setupMenuInfo^35
3   290258 soundOptionsInfo^36
3   290718 s_specifyserver^38
3   290ca0 maxTier^39
3   290ca4 minTier^39
3   290ca8 finalTier^39
3   290cac trainingTier^39
3   290cb0 currentGame^39
3   290cb4 currentSet^39
3   290cb8 selectedArena^39
3   290cbc selectedArenaSet^39
3   290cc0 levelMenuInfo^39
3   291748 arenainfo^40
3   291b48 postgameMenuInfo^40
3   291f14 skillMenuInfo^41
3   292510 botSelectInfo^42
3   294d9c s_serveroptions^42
3   2966f0 s_startserver^42
3   297eec s_teammain^43
3   298234 teamOrdersMenuInfo^44
3   298588 s_graphicsoptions^45
3   298e00 s_ivo^45
3   298e24 s_driverinfo^45
3   2acfc4 com_tokenline^47
3   2acfc8 com_lines^47
3   2acfcc com_token^47
