0 ffffff96 atan2
0 ffffff97 cos
0 ffffff98 sin
0 ffffff99 strncpy
0 ffffff9a memcpy
0 ffffff9b memset
0 ffffffae trap_VerifyCDKey
0 ffffffbd trap_LAN_GetServerAddressString
0 ffffffbe trap_LAN_GetServerCount
0 ffffffc9 trap_SetCDKey
0 ffffffca trap_GetCDKey
0 ffffffcb trap_MemoryRemaining
0 ffffffcc trap_Cvar_Update
0 ffffffcd trap_Cvar_Register
0 ffffffce trap_LAN_GetPingInfo
0 ffffffcf trap_LAN_GetPing
0 ffffffd0 trap_LAN_ClearPing
0 ffffffd1 trap_LAN_GetPingQueueCount
0 ffffffd2 trap_GetConfigString
0 ffffffd3 trap_GetClientState
0 ffffffd4 trap_GetGlconfig
0 ffffffd5 trap_GetClipboardData
0 ffffffd6 trap_Key_SetCatcher
0 ffffffd7 trap_Key_GetCatcher
0 ffffffd8 trap_Key_ClearStates
0 ffffffd9 trap_Key_SetOverstrikeMode
0 ffffffda trap_Key_GetOverstrikeMode
0 ffffffdb trap_Key_IsDown
0 ffffffdc trap_Key_SetBinding
0 ffffffdd trap_Key_GetBindingBuf
0 ffffffde trap_Key_KeynumToStringBuf
0 ffffffdf trap_S_StartLocalSound
0 ffffffe0 trap_S_RegisterSound
0 ffffffe2 trap_CM_LerpTag
0 ffffffe4 trap_R_DrawStretchPic
0 ffffffe5 trap_R_SetColor
0 ffffffe6 trap_R_RenderScene
0 ffffffe7 trap_R_AddLightToScene
0 ffffffe9 trap_R_AddRefEntityToScene
0 ffffffea trap_R_ClearScene
0 ffffffeb trap_R_RegisterShaderNoMip
0 ffffffec trap_R_RegisterSkin
0 ffffffed trap_R_RegisterModel
0 ffffffee trap_FS_GetFileList
0 ffffffef trap_FS_FCloseFile
0 fffffff1 trap_FS_Read
0 fffffff2 trap_FS_FOpenFile
0 fffffff3 trap_Cmd_ExecuteText
0 fffffff4 trap_Argv
0 fffffff8 trap_Cvar_Reset
0 fffffff9 trap_Cvar_SetValue
0 fffffffa trap_Cvar_VariableStringBuffer
0 fffffffb trap_Cvar_VariableValue
0 fffffffc trap_Cvar_Set
0 fffffffd trap_Milliseconds
0 fffffffe trap_Print
0 ffffffff trap_Error
0        0 vmMain
0       7c UI_RegisterCvars
0       b9 UI_UpdateCvars
0       dc UI_VideoCheck
0      172 BG_StripColor
0      1cb Q_stristr
0      22c Q_strlen
0      24b AddInt^1
0      326 AddFloat^1
0      43b AddString^1
0      4cd ED_vsprintf
0      6bd BG_sprintf
0      6da swapfunc^2
0      761 med3^2
0      7f4 qsort
0      ba7 strlen
0      bc2 strcat
0      bfc strcpy
0      c28 strcmp
0      c64 strchr
0      c94 strstr
0      ce2 tolower
0      cfa toupper
0      d12 memmove
0      d65 tan
0      d7c rand
0      d92 atof
0      e53 atoi
0      ecb abs
0      ee4 fabs
0      efd UI_AddBotsMenu_FightEvent^3
0      f3f UI_AddBotsMenu_BotEvent^3
0      f61 UI_AddBotsMenu_BackEvent^3
0      f6d UI_AddBotsMenu_SetBotNames^3
0      fa8 UI_AddBotsMenu_UpEvent^3
0      fc3 UI_AddBotsMenu_DownEvent^3
0      fe1 UI_AddBotsMenu_SortCompare^3
0     102b UI_AddBotsMenu_GetSortedBotNums^3
0     1053 UI_AddBotsMenu_Draw^3
0     1075 UI_AddBotsMenu_Init^3
0     125f UI_AddBots_Cache
0     128a UI_AddBotsMenu
0     1295 Com_Error
0     12ae Com_Printf
0     12c7 Com_DPrintf
0     12e4 UI_ClampCvar
0     1302 FilterBreadCrumb
0     1380 UI_GetBreadCrumb
0     13c4 UI_SetBreadCrumb
0     13e6 UI_PushMenu
0     1488 UI_PopMenu
0     14bf UI_ForceMenuOff
0     14de UI_LerpColor
0     154b UI_DrawBannerString2^4
0     1618 UI_DrawBannerString
0     16c1 UI_ProportionalStringWidth
0     1704 UI_DrawProportionalString2^4
0     17d8 UI_ProportionalSizeScale
0     17e7 UI_DrawProportionalString
0     194c UI_DrawProportionalString_AutoWrapped
0     1a48 UI_DrawString2^4
0     1b32 UI_DrawString
0     1c48 UI_DrawChar
0     1c63 UI_IsFullscreen
0     1c7e NeedCDAction^4
0     1c8c NeedCDKeyAction^4
0     1c9a UI_SetActiveMenu
0     1ce8 UI_KeyEvent
0     1d38 UI_MouseEvent
0     1e52 UI_Argv
0     1e61 UI_Cvar_VariableString
0     1e70 UI_Cache_f
0     1eca UI_ConsoleCommand
0     1f8b UI_Shutdown
0     1f8e UI_Init
0     1fa9 UI_AdjustFrom640
0     1fe6 UI_DrawNamedPic
0     2019 UI_DrawHandlePic
0     2073 UI_DrawCursor^4
0     209b UI_FillRect
0     20ce UI_DrawRect
0     2155 UI_SetColor
0     215e UI_Refresh
0     2249 UI_CursorInRect
0     2278 UI_CDKeyMenu_Event^5
0     22a4 UI_CDKeyMenu_PreValidateKey^5
0     22fd UI_CDKeyMenu_DrawKey^5
0     23d0 UI_CDKeyMenu_Init^5
0     24a7 UI_CDKeyMenu_Cache
0     24c3 UI_CDKeyMenu
0     24ce UI_CDKeyMenu_f
0     24d4 UI_CinematicsMenu_BackEvent^6
0     24e0 UI_CinematicsMenu_Event^6
0     252d UI_CinematicsMenu_Init^6
0     2803 UI_CinematicsMenu_Cache
0     281a UI_CinematicsMenu
0     2825 UI_CinematicsMenu_f
0     2849 ConfirmMenu_Event^7
0     286f ConfirmMenu_Key^7
0     28c9 ConfirmMenu_Draw^7
0     2903 ConfirmMenu_Cache
0     290b UI_ConfirmMenu_Style
0     29d2 UI_ConfirmMenu
0     29e3 UI_ReadableSize^8
0     2a8e UI_PrintTime^8
0     2ae1 UI_DisplayDownloadInfo^8
0     2d2f UI_DrawConnectScreen
0     2e40 Controls_InitCvars^9
0     2e90 Controls_GetCvarDefault^9
0     2ecb Controls_GetCvarValue^9
0     2f06 Controls_UpdateModel^9
0     2ff4 Controls_Update^9
0     31f6 Controls_DrawKeyBinding^9
0     3389 Controls_StatusBar^9
0     3399 Controls_DrawPlayer^9
0     33ee Controls_GetKeyAssignment^9
0     344c Controls_GetConfig^9
0     3531 Controls_SetConfig^9
0     35ee Controls_SetDefaults^9
0     3683 Controls_MenuKey^9
0     3800 Controls_ResetDefaults_Action^9
0     3812 Controls_ResetDefaults_Draw^9
0     382f Controls_MenuEvent^9
0     38c4 Controls_ActionEvent^9
0     38f4 Controls_InitModel^9
0     3913 Controls_InitWeapons^9
0     3938 Controls_MenuInit^9
0     3e83 Controls_Cache
0     3e9a UI_ControlsMenu
0     3ea5 UI_CreditMenu_Key^10
0     3ebb UI_CreditMenu_Draw^10
0     406f UI_CreditMenu
0     4089 Demos_DrawFilter^11
0     4172 UI_DemosSavePosition^11
0     418b UI_DemosRestorePosition^11
0     41a4 UI_DemosReadDir^11
0     4310 UI_UpdateDirectory^11
0     439e UI_DemoClick^11
0     442d Demos_MenuEvent^11
0     4493 UI_DemosDblclick^11
0     4499 UI_DemosMenu_Key^11
0     44f9 UI_cstrdiff
0     4540 UI_cstricmp
0     4603 compare_entries^11
0     4643 UI_demosort^11
0     4706 UI_DemosFillList^11
0     48b8 Demos_MenuInit^11
0     4a7b Demos_Cache
0     4aa1 UI_DemosMenu
0     4aac UI_DisplayOptionsMenu_Event^12
0     4aff UI_DisplayOptionsMenu_Init^12
0     4c8b UI_DisplayOptionsMenu_Cache
0     4ca2 UI_DisplayOptionsMenu
0     4cb4 UI_Alloc
0     4ce2 UI_InitMemory
0     4ceb UI_ParseInfos
0     4de1 UI_LoadArenasFromFile^13
0     4e61 UI_LoadArenas
0     506e UI_GetArenaInfoByNumber
0     50d1 UI_GetArenaInfoByMap
0     5110 UI_GetSpecialArenaInfo
0     514f UI_LoadBotsFromFile^13
0     51d8 UI_LoadBots
0     525e UI_GetBotInfoByNumber
0     5289 UI_GetBotInfoByName
0     52cc UI_GetBestScore
0     5352 UI_SetBestScore
0     53d9 UI_LogAwardData
0     543c UI_GetAwardLevel
0     5466 UI_TierCompleted
0     54fd UI_ShowTierVideo
0     554f UI_CanShowTierVideo
0     5598 UI_GetCurrentGame
0     562b UI_NewGame
0     565f UI_GetNumArenas
0     5665 UI_GetNumSPArenas
0     566b UI_GetNumSPTiers
0     5673 UI_GetNumBots
0     5679 UI_SPUnlock_f
0     56cf UI_SPUnlockMedals_f
0     5709 UI_InitGameinfo
0     572f InGame_RestartAction^14
0     5742 InGame_QuitAction^14
0     5751 InGame_Event
0     57b1 InGame_MenuInit
0     5a2d InGame_Cache
0     5a35 UI_InGameMenu
0     5a49 MainMenu_ExitAction^16
0     5a58 Main_MenuEvent
0     5aaf MainMenu_Cache
0     5abf ErrorMessage_Key
0     5acf Main_MenuDraw^16
0     5bc5 UI_TeamArenaExists^16
0     5c25 UI_MainMenu
0     5e07 MField_Draw
0     5f31 MField_Paste
0     5f66 MField_KeyDownEvent
0     60bb MField_CharEvent
0     621c MField_Clear
0     6233 MenuField_Init
0     62b2 MenuField_Draw
0     6395 MenuField_Key
0     6467 UI_Mods_MenuEvent^18
0     649d UI_Mods_ParseInfos^18
0     6507 UI_Mods_LoadMods^18
0     658e UI_Mods_MenuInit^18
0     6663 UI_ModsMenu_Cache
0     6684 UI_ModsMenu
0     668f UI_NetworkOptionsMenu_Event^19
0     670b UI_NetworkOptionsMenu_Init^19
0     6876 UI_NetworkOptionsMenu_Cache
0     688d UI_NetworkOptionsMenu
0     689f PlayerModel_UpdateGrid^21
0     69a3 PlayerModel_UpdateModel^21
0     69d9 PlayerModel_SaveChanges^21
0     69ea PlayerModel_MenuEvent^21
0     6a39 PlayerModel_MenuKey^21
0     6b4e PlayerModel_PicEvent^21
0     6c49 PlayerModel_DrawPlayer^21
0     6c9d PlayerModel_BuildList^21
0     6dca PlayerModel_SetMenuItems^21
0     6e94 PlayerModel_MenuInit^21
0     7134 PlayerModel_Cache
0     7173 UI_PlayerModelMenu
0     718c UI_PlayerInfo_SetWeapon^22
0     734b UI_ForceLegsAnim^22
0     736d UI_SetLegsAnim^22
0     7391 UI_ForceTorsoAnim^22
0     73c5 UI_SetTorsoAnim^22
0     73e9 UI_TorsoSequencing^22
0     746b UI_LegsSequencing^22
0     74c0 UI_PositionEntityOnTag^22
0     7574 UI_PositionRotatedEntityOnTag^22
0     762a UI_SetLerpFrameAnimation^22
0     767b UI_RunLerpFrame^22
0     77a4 UI_PlayerAnimation^22
0     7860 UI_SwingAngles^22
0     7961 UI_MovedirAdjustment^22
0     7a0c UI_PlayerAngles^22
0     7b0a UI_PlayerFloatSprite^22
0     7b32 UI_MachinegunSpinAngle^22
0     7bca UI_DrawPlayer
0     7f18 UI_RegisterClientSkin^22
0     7f96 UI_ParseAnimationFile^22
0     8200 UI_RegisterClientModelname
0     831e UI_PlayerInfo_SetModel
0     8376 UI_PlayerInfo_SetInfo
0     8560 PlayerSettings_DrawName^23
0     8692 PlayerSettings_DrawHandicap^23
0     86ff PlayerSettings_DrawEffects^23
0     87bd PlayerSettings_DrawPlayer^23
0     8827 PlayerSettings_SaveChanges^23
0     8849 PlayerSettings_MenuKey^23
0     8867 PlayerSettings_SetMenuItems^23
0     88e5 PlayerSettings_MenuEvent^23
0     8928 PlayerSettings_Reinit^23
0     894f PlayerSettings_MenuInit^23
0     8ad9 PlayerSettings_Cache
0     8b0e UI_PlayerSettingsMenu
0     8b19 Preferences_SetMenuItems^24
0     8c05 Preferences_Event^24
0     8cd1 Crosshair_Draw^24
0     8dba Preferences_MenuInit^24
0     8ff2 Preferences_Cache
0     9031 UI_PreferencesMenu
0     903c Text_Init^25
0     904d Text_Draw^25
0     90b2 BText_Init^25
0     90c3 BText_Draw^25
0     9105 PText_Init^25
0     9196 PText_Draw^25
0     9202 Bitmap_Init
0     9289 Bitmap_Draw
0     9465 Action_Init^25
0     94b5 Action_Draw^25
0     9557 RadioButton_Init^25
0     95ab RadioButton_Key^25
0     9641 RadioButton_Draw^25
0     9752 Slider_Init^25
0     97a6 Slider_Key^25
0     98aa Slider_Draw^25
0     99af SpinControl_Init^25
0     9a52 SpinControl_Key^25
0     9b0d SpinControl_Draw^25
0     9bef ScrollList_Init^25
0     9ca3 ScrollList_Key
0     a3cd ScrollList_Draw
0     a4d6 Menu_AddItem
0     a5c8 Menu_CursorMoved
0     a64d Menu_SetCursor
0     a67a Menu_SetCursorToItem
0     a6b0 Menu_AdjustCursor
0     a759 Menu_Draw
0     a89f Menu_ItemAtCursor
0     a8c7 Menu_ActivateItem
0     a8f1 Menu_DefaultKey
0     aacd Menu_Cache
0     abb0 UI_RemoveBotsMenu_SetBotNames^26
0     abff UI_RemoveBotsMenu_DeleteEvent^26
0     ac21 UI_RemoveBotsMenu_BotEvent^26
0     ac43 UI_RemoveBotsMenu_BackEvent^26
0     ac4f UI_RemoveBotsMenu_UpEvent^26
0     ac6a UI_RemoveBotsMenu_DownEvent^26
0     ac88 UI_RemoveBotsMenu_GetBots^26
0     acf3 UI_RemoveBots_Cache
0     ad0f UI_RemoveBotsMenu_Init^26
0     aea9 UI_RemoveBotsMenu
0     aeb4 Favorites_Add
0     af26 ServerInfo_Event^28
0     af51 ServerInfo_MenuKey^28
0     af60 ServerInfo_Cache
0     af84 UI_ServerInfoMenu
0     b128 ArenaServers_DrawFilter^29
0     b22b ArenaServers_MaxPing^29
0     b243 ArenaServers_Compare^29
0     b34b ArenaServers_Go^29
0     b36c ArenaServers_Dblclick^29
0     b372 ArenaServers_UpdatePicture^29
0     b39b ArenaServers_UpdateList^29
0     b4d2 ArenaServers_UpdateMenu^29
0     b5f4 ArenaServers_Remove^29
0     b6bb UI_CleanStr^29
0     b778 ArenaServers_Insert^29
0     b95d ArenaServers_LoadFavorites
0     ba31 ArenaServers_StopRefresh^29
0     ba5c ArenaServers_DoRefresh^29
0     bc14 ArenaServers_StartRefresh^29
0     bcc6 ArenaServers_SaveChanges
0     bd10 ArenaServers_Sort
0     bd2c ArenaServers_SetType
0     bdb0 ArenaServers_Event^29
0     bea7 ArenaServers_MenuDraw^29
0     beb6 ArenaServers_MenuKey^29
0     bf25 ArenaServers_MenuInit^29
0     c2c8 ArenaServers_Cache
0     c311 UI_ArenaServersMenu
0     c31c Setup_ResetDefaults_Action^30
0     c33a Setup_ResetDefaults_Draw^30
0     c357 UI_SetupMenu_Event^30
0     c39e UI_SetupMenu_Init^30
0     c530 UI_SetupMenu_Cache
0     c547 UI_SetupMenu
0     c552 UI_SoundOptionsMenu_Event^31
0     c5d3 UI_SoundOptionsMenu_Init^31
0     c78c UI_SoundOptionsMenu_Cache
0     c7a3 UI_SoundOptionsMenu
0     c7b5 UI_SPArena_Start
0     c849 SpecifyServer_Event^33
0     c8a3 SpecifyServer_MenuInit
0     c996 SpecifyServer_Cache
0     c9ba UI_SpecifyServerMenu
0     c9c5 PlayerIcon^34
0     ca2a PlayerIconHandle^34
0     ca40 UI_SPLevelMenu_SetBots^34
0     cb1f UI_SPLevelMenu_SetMenuArena^34
0     cbe0 UI_SPLevelMenu_SetMenuItems^34
0     cda5 UI_SPLevelMenu_ResetDraw^34
0     cddc UI_SPLevelMenu_ResetAction^34
0     cdf5 UI_SPLevelMenu_ResetEvent^34
0     ce07 UI_SPLevelMenu_LevelEvent^34
0     ce4f UI_SPLevelMenu_LeftArrowEvent^34
0     ce6d UI_SPLevelMenu_RightArrowEvent^34
0     ce8b UI_SPLevelMenu_PlayerEvent^34
0     ce97 UI_SPLevelMenu_AwardEvent^34
0     ceb6 UI_SPLevelMenu_NextEvent^34
0     ced3 UI_SPLevelMenu_BackEvent^34
0     cee6 UI_SPLevelMenu_CustomEvent^34
0     cef4 UI_SPLevelMenu_MenuDraw^34
0     d1ef UI_SPLevelMenu_Cache
0     d2c4 UI_SPLevelMenu_Init^34
0     d5f6 UI_SPLevelMenu
0     d6a3 UI_SPLevelMenu_f
0     d6b1 UI_SPLevelMenu_ReInit
0     d6b7 UI_SPPostgameMenu_AgainEvent^35
0     d6ca UI_SPPostgameMenu_NextEvent^35
0     d72a UI_SPPostgameMenu_MenuEvent^35
0     d73d UI_SPPostgameMenu_MenuKey^35
0     d796 UI_SPPostgameMenu_DrawAwardsMedals^35
0     d819 UI_SPPostgameMenu_DrawAwardsPresentation^35
0     d890 UI_SPPostgameMenu_MenuDrawScoreLine^35
0     d91d UI_SPPostgameMenu_MenuDraw^35
0     daa5 UI_SPPostgameMenu_Cache
0     db0f UI_SPPostgameMenu_Init^35
0     db93 Prepname^35
0     dbf6 UI_SPPostgameMenu_f
0     df2e SetSkillColor^36
0     df61 UI_SPSkillMenu_SkillEvent^36
0     dfb8 UI_SPSkillMenu_FightEvent^36
0     dfc7 UI_SPSkillMenu_BackEvent^36
0     dfdb UI_SPSkillMenu_Key^36
0     dffe UI_SPSkillMenu_Cache
0     e064 UI_SPSkillMenu_Init^36
0     e1f1 UI_SPSkillMenu
0     e207 GametypeBits^37
0     e293 StartServer_Update^37
0     e3fc StartServer_MapEvent^37
0     e416 StartServer_GametypeEvent^37
0     e4a8 StartServer_MenuEvent^37
0     e50c StartServer_LevelshotDraw^37
0     e668 StartServer_MenuInit^37
0     e8e7 StartServer_Cache
0     e97c UI_StartServerMenu
0     e98b BotAlreadySelected^37
0     e9d7 ServerOptions_Start^37
0     ec0a ServerOptions_InitPlayerItems^37
0     ecb8 ServerOptions_SetPlayerItems^37
0     ed54 ServerOptions_Event^37
0     ed98 ServerOptions_PlayerNameEvent^37
0     edb6 ServerOptions_StatusBar^37
0     edcf ServerOptions_LevelshotDraw^37
0     ee5c ServerOptions_InitBotNames^37
0     efad ServerOptions_SetMenuItems^37
0     f15b PlayerName_Draw^37
0     f234 ServerOptions_MenuInit^37
0     f606 ServerOptions_Cache
0     f627 UI_ServerOptionsMenu^37
0     f635 UI_BotSelectMenu_SortCompare^37
0     f67f UI_BotSelectMenu_BuildList^37
0     f6c9 ServerPlayerIcon^37
0     f72e UI_BotSelectMenu_UpdateGrid^37
0     f89e UI_BotSelectMenu_Default^37
0     f911 UI_BotSelectMenu_LeftEvent^37
0     f932 UI_BotSelectMenu_RightEvent^37
0     f956 UI_BotSelectMenu_BotEvent^37
0     f9bc UI_BotSelectMenu_BackEvent^37
0     f9c8 UI_BotSelectMenu_SelectEvent^37
0     f9e7 UI_BotSelectMenu_Cache
0     fa17 UI_BotSelectMenu_Init^37
0     fc6e UI_BotSelectMenu
0     fc7c TeamMain_MenuEvent^38
0     fcca TeamMain_MenuInit
0     fdff TeamMain_Cache
0     fe07 UI_TeamMainMenu
0     fe12 UI_TeamOrdersMenu_BackEvent^39
0     fe1e UI_TeamOrdersMenu_SetList^39
0     fe5f UI_TeamOrdersMenu_Key
0     ff81 UI_TeamOrdersMenu_ListDraw^39
0     fffb UI_TeamOrdersMenu_ListEvent^39
0    10075 UI_TeamOrdersMenu_BuildBotList^39
0    1015c UI_TeamOrdersMenu_Init^39
0    101f3 UI_TeamOrdersMenu_Cache
0    10205 UI_TeamOrdersMenu
0    10210 UI_TeamOrdersMenu_f
0    1025a DriverInfo_Event^40
0    10273 DriverInfo_MenuDraw^40
0    10347 DriverInfo_Cache
0    1036b UI_DriverInfo_Menu^40
0    104a1 GraphicsOptions_GetInitialVideo^40
0    104c9 GraphicsOptions_CheckConfig^40
0    10539 GraphicsOptions_UpdateMenuItems^40
0    10605 GraphicsOptions_ApplyChanges^40
0    106fe GraphicsOptions_Event^40
0    1077f GraphicsOptions_TQEvent^40
0    10790 GraphicsOptions_MenuDraw
0    1079b GraphicsOptions_SetMenuItems^40
0    10893 GraphicsOptions_MenuInit
0    10b4f GraphicsOptions_Cache
0    10b70 UI_GraphicsOptionsMenu
0    10b82 AnglesToAxis
0    10bb7 AxisClear
0    10bf2 Q_fabs
0    10c02 AngleSubtract
0    10c27 AnglesSubtract
0    10c75 AngleMod
0    10c8b MatrixMultiply
0    10df4 AngleVectors
0    10ee6 Com_Clamp
0    10f04 COM_StripExtension
0    10f4f COM_Parse
0    10f5e SkipWhitespace^42
0    10f9d COM_ParseExt
0    110fe Q_isprint
0    11113 Q_islower
0    11128 Q_isupper
0    1113d Q_isalpha
0    1115a Q_strrchr
0    1118e Q_strncpyz
0    111d1 Q_stricmpn
0    11260 Q_stricmp
0    112e1 Q_strupr
0    11307 Q_strcat
0    11333 Q_CleanStr
0    11394 Com_sprintf
0    113c3 va
0    113f2 Q_strkey^42
0    11431 Info_ValueForKey
0    11521 Info_NextPair
0    115b9 Info_RemoveKey^42
0    1165f Info_ValidateKeyValue
0    11698 Info_SetValueForKey
0   12e16c _stackStart
0   13e16c _stackEnd
1       30 cvarTable^0
1      350 cvarTableSize^0
1      354 breadcrumbModificationCount^0
1      358 lazyloadModificationCount^0
1      35c bg_itemlist
1     1780 randSeed^2
1     1784 skillNames^3
1     179c teamNames1^3
1     17a4 teamNames2^3
1     17b0 breadcrumbModificationCount^4
1     17b4 lazyloadModificationCount^4
1     17b8 propMap^4
1     1db8 propMapB^4
1     1f68 cinematics^6
1     1fa4 controls_binding_color^9
1     1fb4 g_bindings^9
1     2414 g_configcvars^9
1     2480 g_movement_controls^9
1     24b0 g_weapons_controls^9
1     24e8 g_looking_controls^9
1     2518 g_misc_controls^9
1     2538 g_controls^9
1     25fc dirlevel^11
1     2600 sorttype^11
1     26b0 rate_items^19
1     26e0 playermodel_artlist^21
1     274c handicap_items^23
1     27a0 teamoverlay_names^24
1     27e4 menu_text_color
1     27f4 color_black
1     2804 color_white
1     2814 color_yellow
1     2824 color_orange
1     2834 color_red
1     2844 pulse_color
1     2854 text_color_disabled
1     2864 text_color_normal
1     2874 text_color_highlight
1     2884 listbar_color
1     29d8 serverinfo_artlist^28
1     29ec master_items^29
1     29fc servertype_items^29
1     2a14 sortkey_items^29
1     2a2c netnames^29
1     2a3c punkbuster_items
1     2adc quality_items^31
1     2b0c specifyserver_artlist^33
1     2b28 ui_medalNames
1     2b40 ui_medalPicNames
1     2b58 ui_medalSounds
1     2b70 medalLocations^35
1     2b9c gametype_items^37
1     2bb0 gametype_remap^37
1     2bc0 gametype_remap2^37
1     2be4 dedicated_list^37
1     2bf4 playerType_list^37
1     2c04 playerTeam_list^37
1     2c10 botSkill_list^37
1     2c90 ctfOrders^39
1     2cb0 ctfMessages^39
1     2cd0 teamOrders^39
1     2cec teamMessages^39
1     2d08 driverinfo_artlist^40
1     2d1c s_ivo_templates^40
1     2e94 vec3_origin
1     2ea0 colorBlack
1     2eb0 colorRed
1     2ec0 colorYellow
1     2ed0 colorWhite
1     2ee0 colorMdGrey
1     2ef0 g_color_table
2     2740 dir^11
2     3aa3 quake3worldMessage^29
2     539a locase
3        0 ui_developer
3      110 ui_lazyLoad
3      220 ui_breadCrumb
3      330 ui_cdkeychecked
3      440 ui_server16
3      550 ui_server15
3      660 ui_server14
3      770 ui_server13
3      880 ui_server12
3      990 ui_server11
3      aa0 ui_server10
3      bb0 ui_server9
3      cc0 ui_server8
3      dd0 ui_server7
3      ee0 ui_server6
3      ff0 ui_server5
3     1100 ui_server4
3     1210 ui_server3
3     1320 ui_server2
3     1430 ui_server1
3     1540 ui_marks
3     1650 ui_drawCrosshairNames
3     1760 ui_drawCrosshair
3     1870 ui_brassTime
3     1980 ui_browserShowEmpty
3     1a90 ui_browserShowFull
3     1ba0 ui_browserSortKey
3     1cb0 ui_browserGameType
3     1dc0 ui_browserMaster
3     1ed0 ui_spSelection
3     1fe0 ui_spSkill
3     20f0 ui_spVideos
3     2200 ui_spAwards
3     2310 ui_spScores5
3     2420 ui_spScores4
3     2530 ui_spScores3
3     2640 ui_spScores2
3     2750 ui_spScores1
3     2860 ui_botsFile
3     2970 ui_arenasFile
3     2a80 ui_ctf_friendly
3     2b90 ui_ctf_timelimit
3     2ca0 ui_ctf_capturelimit
3     2db0 ui_team_friendly
3     2ec0 ui_team_timelimit
3     2fd0 ui_team_fraglimit
3     30e0 ui_tourney_timelimit
3     31f0 ui_tourney_fraglimit
3     3300 ui_ffa_timelimit
3     3410 ui_ffa_fraglimit
3     3520 addBotsMenuInfo^3
3     53ec breadcrumb^4
3     542c uis
3     8104 m_entersound
3     8108 cdkeyMenuInfo^5
3     84e0 cinematicsMenuInfo^6
3     8a5c s_confirm^7
3     8c30 lastLoadingText^8
3     9030 lastConnState^8
3     9054 s_controls^9
3     a430 s_credits^10
3     a554 show_names^11
3    3a554 buffer^11
3    4a554 listpos^11
3    4a754 num_files^11
3    4a758 dptr^11
3    4b758 dentry^11
3    4e758 s_demos^11
3    4fe0c displayOptionsInfo^12
3    50260 outOfMemory^13
3    50264 allocPoint^13
3    50268 memoryPool^13
3    70268 ui_numSpecialSinglePlayerArenas^13
3    7026c ui_numSinglePlayerArenas^13
3    70270 ui_arenaInfos^13
3    71270 ui_numArenas^13
3    71274 ui_botInfos^13
3    72274 ui_numBots
3    72278 s_ingame^14
3    726f0 s_errorMessage^16
3    73814 s_main^16
3    73b9c s_mods^18
3    750f0 networkOptionsInfo^19
3    75570 s_playermodel^21
3    7eac8 jumpHeight^22
3    7eacc dp_realtime^22
3    7ead0 s_playersettings^23
3    7f534 s_preferences^24
3    7fb1c sliderButton_1^25
3    7fb20 sliderButton_0^25
3    7fb24 sliderBar^25
3    7fb28 weaponChangeSound
3    7fb2c menu_null_sound
3    7fb30 menu_buzz_sound
3    7fb34 menu_out_sound
3    7fb38 menu_move_sound
3    7fb3c menu_in_sound
3    7fb40 removeBotsMenuInfo^26
3    811d8 show_info^28
3    83818 itemnames^28
3    83918 s_serverinfo^28
3    840d4 g_fullservers^29
3    840d8 g_emptyservers^29
3    840dc g_sortkey^29
3    840e0 g_gametype^29
3    840e4 g_servertype^29
3    840e8 g_numfavoriteservers^29
3    840ec g_favoriteserverlist^29
3    849ec g_numlocalservers^29
3    849f0 g_localserverlist^29
3    969f0 g_numglobalservers^29
3    969f4 g_globalserverlist^29
3   1029f4 g_arenaservers^29
3   110c44 setupMenuInfo^30
3   111090 soundOptionsInfo^31
3   111550 s_specifyserver^33
3   111ad8 maxTier^34
3   111adc minTier^34
3   111ae0 finalTier^34
3   111ae4 trainingTier^34
3   111ae8 currentGame^34
3   111aec currentSet^34
3   111af0 selectedArena^34
3   111af4 selectedArenaSet^34
3   111af8 levelMenuInfo^34
3   112580 arenainfo^35
3   112980 postgameMenuInfo^35
3   112d4c skillMenuInfo^36
3   113348 botSelectInfo^37
3   115bd4 s_serveroptions^37
3   117528 s_startserver^37
3   118d24 s_teammain^38
3   118fd4 teamOrdersMenuInfo^39
3   119328 s_graphicsoptions^40
3   119ba0 s_ivo^40
3   119bc4 s_driverinfo^40
3   12dd64 com_tokenline^42
3   12dd68 com_lines^42
3   12dd6c com_token^42
